Archive member included to satisfy reference by file (symbol)

app/libapp.a(main.c.obj)      (--whole-archive)
zephyr/libzephyr.a(getopt.c.obj)
                              (--whole-archive)
zephyr/libzephyr.a(getopt_common.c.obj)
                              (--whole-archive)
zephyr/libzephyr.a(cbprintf_packaged.c.obj)
                              (--whole-archive)
zephyr/libzephyr.a(dec.c.obj)
                              (--whole-archive)
zephyr/libzephyr.a(hex.c.obj)
                              (--whole-archive)
zephyr/libzephyr.a(printk.c.obj)
                              (--whole-archive)
zephyr/libzephyr.a(rb.c.obj)  (--whole-archive)
zephyr/libzephyr.a(sem.c.obj)
                              (--whole-archive)
zephyr/libzephyr.a(thread_entry.c.obj)
                              (--whole-archive)
zephyr/libzephyr.a(timeutil.c.obj)
                              (--whole-archive)
zephyr/libzephyr.a(heap.c.obj)
                              (--whole-archive)
zephyr/libzephyr.a(heap-validate.c.obj)
                              (--whole-archive)
zephyr/libzephyr.a(bitarray.c.obj)
                              (--whole-archive)
zephyr/libzephyr.a(multi_heap.c.obj)
                              (--whole-archive)
zephyr/libzephyr.a(cbprintf_complete.c.obj)
                              (--whole-archive)
zephyr/libzephyr.a(ring_buffer.c.obj)
                              (--whole-archive)
zephyr/libzephyr.a(assert.c.obj)
                              (--whole-archive)
zephyr/libzephyr.a(mpsc_pbuf.c.obj)
                              (--whole-archive)
zephyr/libzephyr.a(mem_blocks.c.obj)
                              (--whole-archive)
zephyr/libzephyr.a(configs.c.obj)
                              (--whole-archive)
zephyr/libzephyr.a(log_core.c.obj)
                              (--whole-archive)
zephyr/libzephyr.a(log_mgmt.c.obj)
                              (--whole-archive)
zephyr/libzephyr.a(log_cache.c.obj)
                              (--whole-archive)
zephyr/libzephyr.a(log_msg.c.obj)
                              (--whole-archive)
zephyr/libzephyr.a(log_output.c.obj)
                              (--whole-archive)
zephyr/libzephyr.a(log_cmds.c.obj)
                              (--whole-archive)
zephyr/libzephyr.a(tracing_none.c.obj)
                              (--whole-archive)
zephyr/libzephyr.a(kernel_service.c.obj)
                              (--whole-archive)
zephyr/libzephyr.a(device_service.c.obj)
                              (--whole-archive)
zephyr/libzephyr.a(devmem_service.c.obj)
                              (--whole-archive)
zephyr/libzephyr.a(shell_uart.c.obj)
                              (--whole-archive)
zephyr/libzephyr.a(shell.c.obj)
                              (--whole-archive)
zephyr/libzephyr.a(shell_fprintf.c.obj)
                              (--whole-archive)
zephyr/libzephyr.a(shell_utils.c.obj)
                              (--whole-archive)
zephyr/libzephyr.a(shell_ops.c.obj)
                              (--whole-archive)
zephyr/libzephyr.a(shell_log_backend.c.obj)
                              (--whole-archive)
zephyr/libzephyr.a(shell_help.c.obj)
                              (--whole-archive)
zephyr/libzephyr.a(shell_cmds.c.obj)
                              (--whole-archive)
zephyr/libzephyr.a(shell_history.c.obj)
                              (--whole-archive)
zephyr/libzephyr.a(shell_wildcard.c.obj)
                              (--whole-archive)
zephyr/arch/common/libarch__common.a(sw_isr_common.c.obj)
                              (--whole-archive)
zephyr/arch/arch/arm/core/libarch__arm__core.a(fatal.c.obj)
                              (--whole-archive)
zephyr/arch/arch/arm/core/libarch__arm__core.a(nmi.c.obj)
                              (--whole-archive)
zephyr/arch/arch/arm/core/libarch__arm__core.a(nmi_on_reset.S.obj)
                              (--whole-archive)
zephyr/arch/arch/arm/core/libarch__arm__core.a(tls.c.obj)
                              (--whole-archive)
zephyr/arch/arch/arm/core/cortex_m/libarch__arm__core__cortex_m.a(exc_exit.S.obj)
                              (--whole-archive)
zephyr/arch/arch/arm/core/cortex_m/libarch__arm__core__cortex_m.a(fault.c.obj)
                              (--whole-archive)
zephyr/arch/arch/arm/core/cortex_m/libarch__arm__core__cortex_m.a(fault_s.S.obj)
                              (--whole-archive)
zephyr/arch/arch/arm/core/cortex_m/libarch__arm__core__cortex_m.a(fpu.c.obj)
                              (--whole-archive)
zephyr/arch/arch/arm/core/cortex_m/libarch__arm__core__cortex_m.a(irq_init.c.obj)
                              (--whole-archive)
zephyr/arch/arch/arm/core/cortex_m/libarch__arm__core__cortex_m.a(reset.S.obj)
                              (--whole-archive)
zephyr/arch/arch/arm/core/cortex_m/libarch__arm__core__cortex_m.a(scb.c.obj)
                              (--whole-archive)
zephyr/arch/arch/arm/core/cortex_m/libarch__arm__core__cortex_m.a(thread_abort.c.obj)
[...]
Memory Configuration

Name             Origin             Length             Attributes
BOOT_FLASH       0x0000000010000000 0x0000000000000100 r
FLASH            0x0000000010000100 0x00000000001fff00 xr
RAM              0x0000000020000000 0x0000000000042000 xw
IDT_LIST         0x00000000fffff7ff 0x0000000000000800 xw
*default*        0x0000000000000000 0xffffffffffffffff

Linker script and memory map

                0x000000001000b084                vfprintf = __d_vfprintf
                0x0000000000000000                vfscanf = __d_vfscanf
LOAD zephyr/CMakeFiles/zephyr_final.dir/misc/empty_file.c.obj
LOAD zephyr/CMakeFiles/zephyr_final.dir/isr_tables.c.obj
LOAD zephyr/CMakeFiles/offsets.dir/./arch/arm/core/offsets/offsets.c.obj
LOAD app/libapp.a
LOAD zephyr/libzephyr.a
LOAD zephyr/arch/common/libarch__common.a
LOAD zephyr/arch/arch/arm/core/libarch__arm__core.a
LOAD zephyr/arch/arch/arm/core/cortex_m/libarch__arm__core__cortex_m.a
LOAD zephyr/lib/libc/picolibc/liblib__libc__picolibc.a
LOAD zephyr/lib/libc/common/liblib__libc__common.a
LOAD zephyr/lib/posix/liblib__posix.a
LOAD zephyr/soc/soc/arm/rpi_pico/rp2/libsoc__arm__rpi_pico__rp2.a
LOAD zephyr/subsys/rtio/libsubsys__rtio.a
LOAD zephyr/drivers/console/libdrivers__console.a
LOAD zephyr/drivers/gpio/libdrivers__gpio.a
LOAD zephyr/drivers/i2c/libdrivers__i2c.a
LOAD zephyr/drivers/pinctrl/libdrivers__pinctrl.a
LOAD zephyr/drivers/reset/libdrivers__reset.a
LOAD zephyr/drivers/sensor/libdrivers__sensor.a
LOAD zephyr/drivers/serial/libdrivers__serial.a
LOAD zephyr/drivers/timer/libdrivers__timer.a
LOAD modules/atlas-driver-zephyr/drivers/sensor/oemec/lib..__atlas-driver-zephyr__drivers__sensor__oemec.a
LOAD modules/hal_rpi_pico/libmodules__hal_rpi_pico.a
LOAD zephyr/kernel/libkernel.a
LOAD /home/anuj/zephyr-sdk-0.16.4/arm-zephyr-eabi/bin/../lib/gcc/arm-zephyr-eabi/12.2.0/thumb/v6-m/nofp/libgcc.a
LOAD zephyr/arch/common/libisr_tables.a
LOAD /home/anuj/zephyr-sdk-0.16.4/arm-zephyr-eabi/bin/../lib/gcc/../../picolibc/arm-zephyr-eabi/lib/thumb/v6-m/nofp/libc.a
LOAD /home/anuj/zephyr-sdk-0.16.4/arm-zephyr-eabi/bin/../lib/gcc/arm-zephyr-eabi/12.2.0/thumb/v6-m/nofp/libgcc.a

.boot2          0x0000000010000000      0x100
 *(SORT_BY_ALIGNMENT(.boot2))
 .boot2         0x0000000010000000      0x100 modules/hal_rpi_pico/libmodules__hal_rpi_pico.a(boot_stage2.S.obj)
                0x0000000000000004                _region_min_align = 0x4

.rel.plt        0x0000000010000100        0x0
 *(SORT_BY_ALIGNMENT(.rel.plt))
                [!provide]                        PROVIDE (__rel_iplt_start = .)
 *(SORT_BY_ALIGNMENT(.rel.iplt))
 .rel.iplt      0x0000000010000100        0x0 zephyr/CMakeFiles/zephyr_final.dir/isr_tables.c.obj
                [!provide]                        PROVIDE (__rel_iplt_end = .)

.rela.plt       0x0000000010000100        0x0
 *(SORT_BY_ALIGNMENT(.rela.plt))
                [!provide]                        PROVIDE (__rela_iplt_start = .)
 *(SORT_BY_ALIGNMENT(.rela.iplt))
                [!provide]                        PROVIDE (__rela_iplt_end = .)

.rel.dyn
 *(SORT_BY_ALIGNMENT(.rel.*))

.rela.dyn
 *(SORT_BY_ALIGNMENT(.rela.*))

/DISCARD/
 *(SORT_BY_ALIGNMENT(.plt))

/DISCARD/
 *(SORT_BY_ALIGNMENT(.iplt))
                0x0000000010000100                __rom_region_start = 0x10000100

rom_start       0x0000000010000100       0xa8
                0x0000000010000100                __rom_start_address = .
 FILL mask 0x00
                0x0000000010000100                . = (. + (0x0 - (. - __rom_start_address)))
                0x0000000010000100                . = ALIGN (0x4)
                0x0000000010000100                . = ALIGN (0x100)
                0x0000000010000100                . = ALIGN (0x100)
                0x0000000010000100                _vector_start = .
 *(SORT_BY_ALIGNMENT(.exc_vector_table))
 *(SORT_BY_ALIGNMENT(.exc_vector_table.*))
 .exc_vector_table._vector_table_section
                0x0000000010000100       0x40 zephyr/arch/arch/arm/core/cortex_m/libarch__arm__core__cortex_m.a(vector_table.S.obj)
                0x0000000010000100                _vector_table
 *(SORT_BY_ALIGNMENT(.vectors))
                0x00000000100001a8                _vector_end = .
                0x0000000010000140                . = ALIGN (0x4)
 *(SORT_BY_ALIGNMENT(.gnu.linkonce.irq_vector_table*))
 .gnu.linkonce.irq_vector_table
                0x0000000010000140       0x68 zephyr/CMakeFiles/zephyr_final.dir/isr_tables.c.obj
                0x0000000010000140                _irq_vector_table
                0x00000000100001a8                _vector_end = .

text            0x00000000100001a8     0xf7b0
                0x00000000100001a8                __text_region_start = .
 *(SORT_BY_ALIGNMENT(.text))
 .text          0x00000000100001a8       0x14 /home/anuj/zephyr-sdk-0.16.4/arm-zephyr-eabi/bin/../lib/gcc/arm-zephyr-eabi/12.2.0/thumb/v6-m/nofp/libgcc.a(_thumb1_case_sqi.o)
                0x00000000100001a8                __gnu_thumb1_case_sqi
 .text          0x00000000100001bc       0x14 /home/anuj/zephyr-sdk-0.16.4/arm-zephyr-eabi/bin/../lib/gcc/arm-zephyr-eabi/12.2.0/thumb/v6-m/nofp/libgcc.a(_thumb1_case_uqi.o)
                0x00000000100001bc                __gnu_thumb1_case_uqi
 .text          0x00000000100001d0       0x14 /home/anuj/zephyr-sdk-0.16.4/arm-zephyr-eabi/bin/../lib/gcc/arm-zephyr-eabi/12.2.0/thumb/v6-m/nofp/libgcc.a(_thumb1_case_shi.o)
                0x00000000100001d0                __gnu_thumb1_case_shi
 .text          0x00000000100001e4       0x14 /home/anuj/zephyr-sdk-0.16.4/arm-zephyr-eabi/bin/../lib/gcc/arm-zephyr-eabi/12.2.0/thumb/v6-m/nofp/libgcc.a(_thumb1_case_uhi.o)
                0x00000000100001e4                __gnu_thumb1_case_uhi
 .text          0x00000000100001f8       0x8c /home/anuj/zephyr-sdk-0.16.4/arm-zephyr-eabi/bin/../lib/gcc/arm-zephyr-eabi/12.2.0/thumb/v6-m/nofp/libgcc.a(_udivsi3.o)
                0x00000000100001f8                __udivsi3
                0x00000000100001f8                __aeabi_uidiv
                0x0000000010000270                __aeabi_uidivmod
 .text          0x0000000010000284       0xa8 /home/anuj/zephyr-sdk-0.16.4/arm-zephyr-eabi/bin/../lib/gcc/arm-zephyr-eabi/12.2.0/thumb/v6-m/nofp/libgcc.a(_divsi3.o)
                0x0000000010000284                __aeabi_idiv
                0x0000000010000284                __divsi3
                0x0000000010000318                __aeabi_idivmod
 .text          0x000000001000032c        0x4 /home/anuj/zephyr-sdk-0.16.4/arm-zephyr-eabi/bin/../lib/gcc/arm-zephyr-eabi/12.2.0/thumb/v6-m/nofp/libgcc.a(_dvmd_tls.o)
                0x000000001000032c                __aeabi_ldiv0
                0x000000001000032c                __aeabi_idiv0
 .text          0x0000000010000330       0x18 /home/anuj/zephyr-sdk-0.16.4/arm-zephyr-eabi/bin/../lib/gcc/arm-zephyr-eabi/12.2.0/thumb/v6-m/nofp/libgcc.a(_lshrdi3.o)
                0x0000000010000330                __aeabi_llsr
                0x0000000010000330                __lshrdi3
 .text          0x0000000010000348       0x1c /home/anuj/zephyr-sdk-0.16.4/arm-zephyr-eabi/bin/../lib/gcc/arm-zephyr-eabi/12.2.0/thumb/v6-m/nofp/libgcc.a(_ashrdi3.o)
                0x0000000010000348                __ashrdi3
                0x0000000010000348                __aeabi_lasr
 .text          0x0000000010000364       0x18 /home/anuj/zephyr-sdk-0.16.4/arm-zephyr-eabi/bin/../lib/gcc/arm-zephyr-eabi/12.2.0/thumb/v6-m/nofp/libgcc.a(_ashldi3.o)
                0x0000000010000364                __ashldi3
                0x0000000010000364                __aeabi_llsl
 .text          0x000000001000037c       0x3c /home/anuj/zephyr-sdk-0.16.4/arm-zephyr-eabi/bin/../lib/gcc/arm-zephyr-eabi/12.2.0/thumb/v6-m/nofp/libgcc.a(_clzsi2.o)
                0x000000001000037c                __clzsi2
 .text          0x00000000100003b8       0x40 /home/anuj/zephyr-sdk-0.16.4/arm-zephyr-eabi/bin/../lib/gcc/arm-zephyr-eabi/12.2.0/thumb/v6-m/nofp/libgcc.a(_ctzsi2.o)
                0x00000000100003b8                __ctzsi2
 .text          0x00000000100003f8       0x48 /home/anuj/zephyr-sdk-0.16.4/arm-zephyr-eabi/bin/../lib/gcc/arm-zephyr-eabi/12.2.0/thumb/v6-m/nofp/libgcc.a(_aeabi_ldivmod.o)
                0x00000000100003f8                __aeabi_ldivmod
 .text          0x0000000010000440       0x40 /home/anuj/zephyr-sdk-0.16.4/arm-zephyr-eabi/bin/../lib/gcc/arm-zephyr-eabi/12.2.0/thumb/v6-m/nofp/libgcc.a(_aeabi_uldivmod.o)
                0x0000000010000440                __aeabi_uldivmod
 .text          0x0000000010000480       0x38 /home/anuj/zephyr-sdk-0.16.4/arm-zephyr-eabi/bin/../lib/gcc/arm-zephyr-eabi/12.2.0/thumb/v6-m/nofp/libgcc.a(_fixunsdfsi.o)
                0x0000000010000480                __fixunsdfsi
                0x0000000010000480                __aeabi_d2uiz
 .text          0x00000000100004b8       0x2c /home/anuj/zephyr-sdk-0.16.4/arm-zephyr-eabi/bin/../lib/gcc/arm-zephyr-eabi/12.2.0/thumb/v6-m/nofp/libgcc.a(_floatundidf.o)
                0x00000000100004b8                __aeabi_ul2d
                0x00000000100004b8                __floatundidf
 .text          0x00000000100004e4      0x2e8 /home/anuj/zephyr-sdk-0.16.4/arm-zephyr-eabi/bin/../lib/gcc/arm-zephyr-eabi/12.2.0/thumb/v6-m/nofp/libgcc.a(addsf3.o)
                0x00000000100004e4                __aeabi_fadd
 .text          0x00000000100007cc      0x1c4 /home/anuj/zephyr-sdk-0.16.4/arm-zephyr-eabi/bin/../lib/gcc/arm-zephyr-eabi/12.2.0/thumb/v6-m/nofp/libgcc.a(divsf3.o)
                0x00000000100007cc                __aeabi_fdiv
 .text          0x0000000010000990       0x78 /home/anuj/zephyr-sdk-0.16.4/arm-zephyr-eabi/bin/../lib/gcc/arm-zephyr-eabi/12.2.0/thumb/v6-m/nofp/libgcc.a(floatunsisf.o)
                0x0000000010000990                __aeabi_ui2f
 .text          0x0000000010000a08      0x5e0 /home/anuj/zephyr-sdk-0.16.4/arm-zephyr-eabi/bin/../lib/gcc/arm-zephyr-eabi/12.2.0/thumb/v6-m/nofp/libgcc.a(adddf3.o)
                0x0000000010000a08                __aeabi_dadd
 .text          0x0000000010000fe8      0x504 /home/anuj/zephyr-sdk-0.16.4/arm-zephyr-eabi/bin/../lib/gcc/arm-zephyr-eabi/12.2.0/thumb/v6-m/nofp/libgcc.a(divdf3.o)
                0x0000000010000fe8                __aeabi_ddiv
 .text          0x00000000100014ec      0x454 /home/anuj/zephyr-sdk-0.16.4/arm-zephyr-eabi/bin/../lib/gcc/arm-zephyr-eabi/12.2.0/thumb/v6-m/nofp/libgcc.a(muldf3.o)
                0x00000000100014ec                __aeabi_dmul
 .text          0x0000000010001940      0x628 /home/anuj/zephyr-sdk-0.16.4/arm-zephyr-eabi/bin/../lib/gcc/arm-zephyr-eabi/12.2.0/thumb/v6-m/nofp/libgcc.a(subdf3.o)
                0x0000000010001940                __aeabi_dsub
 .text          0x0000000010001f68       0x64 /home/anuj/zephyr-sdk-0.16.4/arm-zephyr-eabi/bin/../lib/gcc/arm-zephyr-eabi/12.2.0/thumb/v6-m/nofp/libgcc.a(fixdfsi.o)
                0x0000000010001f68                __aeabi_d2iz
 .text          0x0000000010001fcc       0x54 /home/anuj/zephyr-sdk-0.16.4/arm-zephyr-eabi/bin/../lib/gcc/arm-zephyr-eabi/12.2.0/thumb/v6-m/nofp/libgcc.a(floatsidf.o)
                0x0000000010001fcc                __aeabi_i2d
 .text          0x0000000010002020       0x40 /home/anuj/zephyr-sdk-0.16.4/arm-zephyr-eabi/bin/../lib/gcc/arm-zephyr-eabi/12.2.0/thumb/v6-m/nofp/libgcc.a(floatunsidf.o)
                0x0000000010002020                __aeabi_ui2d
 .text          0x0000000010002060       0x84 /home/anuj/zephyr-sdk-0.16.4/arm-zephyr-eabi/bin/../lib/gcc/arm-zephyr-eabi/12.2.0/thumb/v6-m/nofp/libgcc.a(extendsfdf2.o)
                0x0000000010002060                __aeabi_f2d
 .text          0x00000000100020e4       0x7c /home/anuj/zephyr-sdk-0.16.4/arm-zephyr-eabi/bin/../lib/gcc/arm-zephyr-eabi/12.2.0/thumb/v6-m/nofp/libgcc.a(_arm_cmpdf2.o)
                0x00000000100020e4                __aeabi_cdrcmple
                0x00000000100020f4                __aeabi_cdcmple
                0x00000000100020f4                __aeabi_cdcmpeq
                0x0000000010002104                __aeabi_dcmpeq
                0x0000000010002110                __aeabi_dcmplt
                0x0000000010002124                __aeabi_dcmple
                0x0000000010002138                __aeabi_dcmpgt
                0x000000001000214c                __aeabi_dcmpge
 .text          0x0000000010002160       0x18 /home/anuj/zephyr-sdk-0.16.4/arm-zephyr-eabi/bin/../lib/gcc/arm-zephyr-eabi/12.2.0/thumb/v6-m/nofp/libgcc.a(_clzdi2.o)
                0x0000000010002160                __clzdi2
 .text          0x0000000010002178       0x84 /home/anuj/zephyr-sdk-0.16.4/arm-zephyr-eabi/bin/../lib/gcc/arm-zephyr-eabi/12.2.0/thumb/v6-m/nofp/libgcc.a(eqdf2.o)
                0x0000000010002178                __eqdf2
                0x0000000010002178                __nedf2
 .text          0x00000000100021fc       0xec /home/anuj/zephyr-sdk-0.16.4/arm-zephyr-eabi/bin/../lib/gcc/arm-zephyr-eabi/12.2.0/thumb/v6-m/nofp/libgcc.a(gedf2.o)
                0x00000000100021fc                __gtdf2
                0x00000000100021fc                __gedf2
 .text          0x00000000100022e8       0xf0 /home/anuj/zephyr-sdk-0.16.4/arm-zephyr-eabi/bin/../lib/gcc/arm-zephyr-eabi/12.2.0/thumb/v6-m/nofp/libgcc.a(ledf2.o)
                0x00000000100022e8                __ltdf2
                0x00000000100022e8                __ledf2
 .text          0x00000000100023d8       0x44 /home/anuj/zephyr-sdk-0.16.4/arm-zephyr-eabi/bin/../lib/gcc/arm-zephyr-eabi/12.2.0/thumb/v6-m/nofp/libgcc.a(_muldi3.o)
                0x00000000100023d8                __aeabi_lmul
                0x00000000100023d8                __muldi3
 .text          0x000000001000241c        0xe /home/anuj/zephyr-sdk-0.16.4/arm-zephyr-eabi/bin/../lib/gcc/arm-zephyr-eabi/12.2.0/thumb/v6-m/nofp/libgcc.a(_ffssi2.o)
                0x000000001000241c                __ffssi2
 .text          0x000000001000242a       0xde /home/anuj/zephyr-sdk-0.16.4/arm-zephyr-eabi/bin/../lib/gcc/arm-zephyr-eabi/12.2.0/thumb/v6-m/nofp/libgcc.a(_udivmoddi4.o)
                0x000000001000242a                __udivmoddi4
 .text          0x0000000010002508       0x30 /home/anuj/zephyr-sdk-0.16.4/arm-zephyr-eabi/bin/../lib/gcc/arm-zephyr-eabi/12.2.0/thumb/v6-m/nofp/libgcc.a(bpabi.o)
                0x0000000010002508                __gnu_ldivmod_helper
 .text          0x0000000010002538      0x142 /home/anuj/zephyr-sdk-0.16.4/arm-zephyr-eabi/bin/../lib/gcc/arm-zephyr-eabi/12.2.0/thumb/v6-m/nofp/libgcc.a(_divdi3.o)
                0x0000000010002538                __divdi3
 .text          0x000000001000267a       0x14 /home/anuj/zephyr-sdk-0.16.4/arm-zephyr-eabi/bin/../lib/gcc/../../picolibc/arm-zephyr-eabi/lib/thumb/v6-m/nofp/libc.a(strcmp.S.o)
                0x000000001000267a                strcmp
 .text          0x000000001000268e       0x10 /home/anuj/zephyr-sdk-0.16.4/arm-zephyr-eabi/bin/../lib/gcc/../../picolibc/arm-zephyr-eabi/lib/thumb/v6-m/nofp/libc.a(strcpy.S.o)
                0x000000001000268e                strcpy
 .text          0x000000001000269e        0xe /home/anuj/zephyr-sdk-0.16.4/arm-zephyr-eabi/bin/../lib/gcc/../../picolibc/arm-zephyr-eabi/lib/thumb/v6-m/nofp/libc.a(strlen.S.o)
                0x000000001000269e                strlen
 *(SORT_BY_ALIGNMENT(.text.*))
 .text.main     0x00000000100026ac      0x138 app/libapp.a(main.c.obj)
                0x00000000100026ac                main
 .text.getopt   0x00000000100027e4      0x168 zephyr/libzephyr.a(getopt.c.obj)
                0x00000000100027e4                getopt
 .text.z_getopt_global_state_update
                0x000000001000294c       0x34 zephyr/libzephyr.a(getopt_common.c.obj)
                0x000000001000294c                z_getopt_global_state_update
 .text.getopt_state_get
                0x0000000010002980        0x8 zephyr/libzephyr.a(getopt_common.c.obj)
                0x0000000010002980                getopt_state_get
 .text.cbvprintf_package
                0x0000000010002988      0x3c4 zephyr/libzephyr.a(cbprintf_packaged.c.obj)
                0x0000000010002988                cbvprintf_package
 .text.cbprintf_package_convert
                0x0000000010002d4c      0x450 zephyr/libzephyr.a(cbprintf_packaged.c.obj)
                0x0000000010002d4c                cbprintf_package_convert
 .text.__printk_hook_install
                0x000000001000319c        0xc zephyr/libzephyr.a(printk.c.obj)
                0x000000001000319c                __printk_hook_install
 .text.z_thread_entry
                0x00000000100031a8       0x30 zephyr/libzephyr.a(thread_entry.c.obj)
                0x00000000100031a8                z_thread_entry
 .text.activate_foreach_backend
                0x00000000100031d8       0x58 zephyr/libzephyr.a(log_core.c.obj)
 .text.enable_logger
                0x0000000010003230       0x5c zephyr/libzephyr.a(log_core.c.obj)
 .text.log_process_thread_timer_expiry_fn
                0x000000001000328c       0x10 zephyr/libzephyr.a(log_core.c.obj)
 .text.z_log_init
                0x000000001000329c       0x8c zephyr/libzephyr.a(log_core.c.obj)
 .text.log_set_timestamp_func
                0x0000000010003328       0x20 zephyr/libzephyr.a(log_core.c.obj)
                0x0000000010003328                log_set_timestamp_func
 .text.z_log_notify_backend_enabled
                0x0000000010003348       0x20 zephyr/libzephyr.a(log_core.c.obj)
                0x0000000010003348                z_log_notify_backend_enabled
 .text.z_log_dropped
                0x0000000010003368       0x20 zephyr/libzephyr.a(log_core.c.obj)
                0x0000000010003368                z_log_dropped
 .text.z_log_dropped_read_and_clear
                0x0000000010003388       0x10 zephyr/libzephyr.a(log_core.c.obj)
                0x0000000010003388                z_log_dropped_read_and_clear
 .text.dropped_notify
                0x0000000010003398       0x34 zephyr/libzephyr.a(log_core.c.obj)
                0x0000000010003398                dropped_notify
 .text.z_log_msg_init
                0x00000000100033cc       0x20 zephyr/libzephyr.a(log_core.c.obj)
                0x00000000100033cc                z_log_msg_init
 .text.log_core_init
                0x00000000100033ec       0x34 zephyr/libzephyr.a(log_core.c.obj)
                0x00000000100033ec                log_core_init
 .text.z_log_msg_alloc
                0x0000000010003420       0x18 zephyr/libzephyr.a(log_core.c.obj)
                0x0000000010003420                z_log_msg_alloc
 .text.z_log_msg_local_claim
                0x0000000010003438       0x10 zephyr/libzephyr.a(log_core.c.obj)
                0x0000000010003438                z_log_msg_local_claim
 .text.z_log_msg_free
                0x0000000010003448       0x14 zephyr/libzephyr.a(log_core.c.obj)
                0x0000000010003448                z_log_msg_free
 .text.z_log_msg_pending
                0x000000001000345c       0x10 zephyr/libzephyr.a(log_core.c.obj)
                0x000000001000345c                z_log_msg_pending
 .text.z_impl_log_process
                0x000000001000346c       0xd4 zephyr/libzephyr.a(log_core.c.obj)
                0x000000001000346c                z_impl_log_process
 .text.z_impl_log_panic
                0x0000000010003540       0x48 zephyr/libzephyr.a(log_core.c.obj)
                0x0000000010003540                z_impl_log_panic
 .text.log_process_thread_func
                0x0000000010003588       0xa4 zephyr/libzephyr.a(log_core.c.obj)
 .text.z_log_msg_post_finalize
                0x000000001000362c       0x70 zephyr/libzephyr.a(log_core.c.obj)
 .text.z_log_msg_commit
                0x000000001000369c       0x24 zephyr/libzephyr.a(log_core.c.obj)
                0x000000001000369c                z_log_msg_commit
 .text.log_mem_get_usage
                0x00000000100036c0       0x18 zephyr/libzephyr.a(log_core.c.obj)
                0x00000000100036c0                log_mem_get_usage
 .text.log_mem_get_max_usage
                0x00000000100036d8       0x14 zephyr/libzephyr.a(log_core.c.obj)
                0x00000000100036d8                log_mem_get_max_usage
 .text.log_src_cnt_get
                0x00000000100036ec       0x14 zephyr/libzephyr.a(log_mgmt.c.obj)
                0x00000000100036ec                log_src_cnt_get
 .text.log_source_name_get
                0x0000000010003700       0x1c zephyr/libzephyr.a(log_mgmt.c.obj)
                0x0000000010003700                log_source_name_get
 .text.z_log_runtime_filters_init
                0x000000001000371c       0x34 zephyr/libzephyr.a(log_mgmt.c.obj)
                0x000000001000371c                z_log_runtime_filters_init
 .text.log_source_id_get
                0x0000000010003750       0x38 zephyr/libzephyr.a(log_mgmt.c.obj)
                0x0000000010003750                log_source_id_get
 .text.z_impl_log_filter_set
                0x0000000010003788       0x9c zephyr/libzephyr.a(log_mgmt.c.obj)
                0x0000000010003788                z_impl_log_filter_set
 .text.backend_filter_set
                0x0000000010003824       0x30 zephyr/libzephyr.a(log_mgmt.c.obj)
 .text.log_backend_enable
                0x0000000010003854       0x30 zephyr/libzephyr.a(log_mgmt.c.obj)
                0x0000000010003854                log_backend_enable
 .text.log_filter_get
                0x0000000010003884       0x44 zephyr/libzephyr.a(log_mgmt.c.obj)
                0x0000000010003884                log_filter_get
 .text.z_impl_z_log_msg_static_create
                0x00000000100038c8      0x138 zephyr/libzephyr.a(log_msg.c.obj)
                0x00000000100038c8                z_impl_z_log_msg_static_create
 .text.z_impl_z_log_msg_runtime_vcreate
                0x0000000010003a00       0x84 zephyr/libzephyr.a(log_msg.c.obj)
                0x0000000010003a00                z_impl_z_log_msg_runtime_vcreate
 .text.print_formatted
                0x0000000010003a84       0x20 zephyr/libzephyr.a(log_output.c.obj)
 .text.newline_print
                0x0000000010003aa4       0x20 zephyr/libzephyr.a(log_output.c.obj)
 .text.log_output_process
                0x0000000010003ac4      0x2a4 zephyr/libzephyr.a(log_output.c.obj)
                0x0000000010003ac4                log_output_process
 .text.log_output_msg_process
                0x0000000010003d68       0x6c zephyr/libzephyr.a(log_output.c.obj)
                0x0000000010003d68                log_output_msg_process
 .text.log_output_dropped_process
                0x0000000010003dd4       0x58 zephyr/libzephyr.a(log_output.c.obj)
                0x0000000010003dd4                log_output_dropped_process
 .text.log_output_timestamp_freq_set
                0x0000000010003e2c       0x34 zephyr/libzephyr.a(log_output.c.obj)
                0x0000000010003e2c                log_output_timestamp_freq_set
 .text.severity_lvl_get
                0x0000000010003e60       0x20 zephyr/libzephyr.a(log_cmds.c.obj)
 .text.backend_name_get
                0x0000000010003e80       0x30 zephyr/libzephyr.a(log_cmds.c.obj)
 .text.module_name_get
                0x0000000010003eb0       0x20 zephyr/libzephyr.a(log_cmds.c.obj)
 .text.cmd_log_backends_list
                0x0000000010003ed0       0x48 zephyr/libzephyr.a(log_cmds.c.obj)
 .text.log_status
                0x0000000010003f18       0xa4 zephyr/libzephyr.a(log_cmds.c.obj)
 .text.shell_backend_cmd_execute
                0x0000000010003fbc       0x68 zephyr/libzephyr.a(log_cmds.c.obj)
 .text.cmd_log_backend_status
                0x0000000010004024       0x10 zephyr/libzephyr.a(log_cmds.c.obj)
 .text.cmd_log_backend_halt
                0x0000000010004034       0x10 zephyr/libzephyr.a(log_cmds.c.obj)
 .text.cmd_log_backend_go
                0x0000000010004044       0x10 zephyr/libzephyr.a(log_cmds.c.obj)
 .text.cmd_log_backend_enable
                0x0000000010004054       0x10 zephyr/libzephyr.a(log_cmds.c.obj)
 .text.cmd_log_backend_disable
                0x0000000010004064       0x10 zephyr/libzephyr.a(log_cmds.c.obj)
 .text.cmd_log_mem
                0x0000000010004074       0x84 zephyr/libzephyr.a(log_cmds.c.obj)
 .text.shell_state_precheck
                0x00000000100040f8       0x20 zephyr/libzephyr.a(log_cmds.c.obj)
 .text.filters_set
                0x0000000010004118       0xd8 zephyr/libzephyr.a(log_cmds.c.obj)
 .text.log_enable
                0x00000000100041f0       0x60 zephyr/libzephyr.a(log_cmds.c.obj)
 .text.cmd_kernel_version
                0x0000000010004250       0x2c zephyr/libzephyr.a(kernel_service.c.obj)
 .text.cmd_kernel_uptime
                0x000000001000427c       0xe4 zephyr/libzephyr.a(kernel_service.c.obj)
 .text.cmd_kernel_threads
                0x0000000010004360       0x38 zephyr/libzephyr.a(kernel_service.c.obj)
 .text.shell_tdata_dump
                0x0000000010004398       0xd0 zephyr/libzephyr.a(kernel_service.c.obj)
 .text.cmd_kernel_stacks
                0x0000000010004468       0x70 zephyr/libzephyr.a(kernel_service.c.obj)
 .text.cmd_kernel_cycles
                0x00000000100044d8       0x1c zephyr/libzephyr.a(kernel_service.c.obj)
 .text.cmd_kernel_log_level_set
                0x00000000100044f4       0x80 zephyr/libzephyr.a(kernel_service.c.obj)
 .text.cmd_kernel_sleep
                0x0000000010004574       0x48 zephyr/libzephyr.a(kernel_service.c.obj)
 .text.shell_stack_dump
                0x00000000100045bc       0x6c zephyr/libzephyr.a(kernel_service.c.obj)
 .text.cmd_device_list
                0x0000000010004628       0x84 zephyr/libzephyr.a(device_service.c.obj)
 .text.cmd_devmem
                0x00000000100046ac       0xc8 zephyr/libzephyr.a(devmem_service.c.obj)
 .text.cmd_dump
                0x0000000010004774      0x158 zephyr/libzephyr.a(devmem_service.c.obj)
 .text.set_bypass.isra.0
                0x00000000100048cc       0x50 zephyr/libzephyr.a(devmem_service.c.obj)
 .text.bypass_cb
                0x000000001000491c      0x12c zephyr/libzephyr.a(devmem_service.c.obj)
 .text.cmd_load
                0x0000000010004a48       0xc4 zephyr/libzephyr.a(devmem_service.c.obj)
 .text.enable_shell_uart
                0x0000000010004b0c       0x38 zephyr/libzephyr.a(shell_uart.c.obj)
 .text.init     0x0000000010004b44       0x60 zephyr/libzephyr.a(shell_uart.c.obj)
 .text.uart_callback
                0x0000000010004ba4      0x10c zephyr/libzephyr.a(shell_uart.c.obj)
 .text.shell_internal_help_print
                0x0000000010004cb0       0x20 zephyr/libzephyr.a(shell.c.obj)
 .text.kill_handler
                0x0000000010004cd0       0x5c zephyr/libzephyr.a(shell.c.obj)
 .text.z_cursor_next_line_move.isra.0
                0x0000000010004d2c       0x10 zephyr/libzephyr.a(shell.c.obj)
 .text.z_flag_cmd_ctx_set.isra.0
                0x0000000010004d3c       0x24 zephyr/libzephyr.a(shell.c.obj)
 .text.history_handle
                0x0000000010004d60       0xb4 zephyr/libzephyr.a(shell.c.obj)
 .text.execute  0x0000000010004e14      0x2e4 zephyr/libzephyr.a(shell.c.obj)
 .text.state_set.constprop.0
                0x00000000100050f8       0x50 zephyr/libzephyr.a(shell.c.obj)
 .text.shell_process
                0x0000000010005148      0x698 zephyr/libzephyr.a(shell.c.obj)
                0x0000000010005148                shell_process
 .text.shell_init
                0x00000000100057e0      0x104 zephyr/libzephyr.a(shell.c.obj)
                0x00000000100057e0                shell_init
 .text.shell_start
                0x00000000100058e4       0x58 zephyr/libzephyr.a(shell.c.obj)
                0x00000000100058e4                shell_start
 .text.shell_thread
                0x000000001000593c       0xc8 zephyr/libzephyr.a(shell.c.obj)
                0x000000001000593c                shell_thread
 .text.cmd_help
                0x0000000010005a04       0x4c zephyr/libzephyr.a(shell.c.obj)
 .text.shell_hexdump_line
                0x0000000010005a50       0xec zephyr/libzephyr.a(shell.c.obj)
                0x0000000010005a50                shell_hexdump_line
 .text.z_shell_fprintf_fmt
                0x0000000010005b3c       0x24 zephyr/libzephyr.a(shell_fprintf.c.obj)
                0x0000000010005b3c                z_shell_fprintf_fmt
 .text.z_shell_make_argv
                0x0000000010005b60      0x1bc zephyr/libzephyr.a(shell_utils.c.obj)
                0x0000000010005b60                z_shell_make_argv
 .text.z_shell_cmd_get
                0x0000000010005d1c       0x78 zephyr/libzephyr.a(shell_utils.c.obj)
                0x0000000010005d1c                z_shell_cmd_get
 .text.z_shell_spaces_trim
                0x0000000010005d94       0x70 zephyr/libzephyr.a(shell_utils.c.obj)
                0x0000000010005d94                z_shell_spaces_trim
 .text.z_shell_cmd_trim
                0x0000000010005e04       0x6c zephyr/libzephyr.a(shell_utils.c.obj)
                0x0000000010005e04                z_shell_cmd_trim
 .text.shell_strtoul
                0x0000000010005e70       0x50 zephyr/libzephyr.a(shell_utils.c.obj)
                0x0000000010005e70                shell_strtoul
 .text.z_clear_eos
                0x0000000010005ec0       0x1c zephyr/libzephyr.a(shell_ops.c.obj)
 .text.z_cursor_next_line_move.isra.0
                0x0000000010005edc       0x10 zephyr/libzephyr.a(shell_ops.c.obj)
 .text.z_shell_op_cursor_vert_move
                0x0000000010005eec       0x2c zephyr/libzephyr.a(shell_ops.c.obj)
                0x0000000010005eec                z_shell_op_cursor_vert_move
 .text.z_shell_op_cursor_horiz_move
                0x0000000010005f18       0x2c zephyr/libzephyr.a(shell_ops.c.obj)
                0x0000000010005f18                z_shell_op_cursor_horiz_move
 .text.z_shell_op_cursor_word_move
                0x0000000010005f44       0x80 zephyr/libzephyr.a(shell_ops.c.obj)
                0x0000000010005f44                z_shell_op_cursor_word_move
 .text.z_shell_print_cmd
                0x0000000010005fc4       0x70 zephyr/libzephyr.a(shell_ops.c.obj)
                0x0000000010005fc4                z_shell_print_cmd
 .text.z_shell_vt100_color_set
                0x0000000010006034       0x44 zephyr/libzephyr.a(shell_ops.c.obj)
                0x0000000010006034                z_shell_vt100_color_set
 .text.z_shell_vt100_colors_restore
                0x0000000010006078       0x38 zephyr/libzephyr.a(shell_ops.c.obj)
                0x0000000010006078                z_shell_vt100_colors_restore
 .text.z_shell_op_word_remove
                0x00000000100060b0       0xb4 zephyr/libzephyr.a(shell_ops.c.obj)
                0x00000000100060b0                z_shell_op_word_remove
 .text.reprint_from_cursor
                0x0000000010006164       0x78 zephyr/libzephyr.a(shell_ops.c.obj)
 .text.z_shell_op_char_insert
                0x00000000100061dc       0x68 zephyr/libzephyr.a(shell_ops.c.obj)
                0x00000000100061dc                z_shell_op_char_insert
 .text.z_shell_print_prompt_and_cmd
                0x0000000010006244       0x30 zephyr/libzephyr.a(shell_ops.c.obj)
                0x0000000010006244                z_shell_print_prompt_and_cmd
 .text.z_cursor_next_line_move.isra.0
                0x0000000010006274       0x10 zephyr/libzephyr.a(shell_help.c.obj)
 .text.formatted_text_print.constprop.0
                0x0000000010006284       0xe4 zephyr/libzephyr.a(shell_help.c.obj)
 .text.z_shell_help_subcmd_print
                0x0000000010006368       0xb4 zephyr/libzephyr.a(shell_help.c.obj)
                0x0000000010006368                z_shell_help_subcmd_print
 .text.z_shell_help_cmd_print
                0x000000001000641c       0x3c zephyr/libzephyr.a(shell_help.c.obj)
                0x000000001000641c                z_shell_help_cmd_print
 .text.z_shell_help_request
                0x0000000010006458       0x2c zephyr/libzephyr.a(shell_help.c.obj)
                0x0000000010006458                z_shell_help_request
 .text.cmd_resize_default
                0x0000000010006484       0x2c zephyr/libzephyr.a(shell_cmds.c.obj)
 .text.cmd_shell_stats_show
                0x00000000100064b0       0x18 zephyr/libzephyr.a(shell_cmds.c.obj)
 .text.cmd_backends
                0x00000000100064c8       0x44 zephyr/libzephyr.a(shell_cmds.c.obj)
 .text.cmd_prompt_off
                0x000000001000650c       0x10 zephyr/libzephyr.a(shell_cmds.c.obj)
 .text.cmd_history
                0x000000001000651c       0x48 zephyr/libzephyr.a(shell_cmds.c.obj)
 .text.cmd_get_retval
                0x0000000010006564       0x1c zephyr/libzephyr.a(shell_cmds.c.obj)
 .text.cmd_echo
                0x0000000010006580       0x50 zephyr/libzephyr.a(shell_cmds.c.obj)
 .text.cmd_clear
                0x00000000100065d0       0x34 zephyr/libzephyr.a(shell_cmds.c.obj)
 .text.cmd_resize
                0x0000000010006604      0x1dc zephyr/libzephyr.a(shell_cmds.c.obj)
 .text.z_shell_wildcard_process
                0x00000000100067e0       0xd4 zephyr/libzephyr.a(shell_wildcard.c.obj)
                0x00000000100067e0                z_shell_wildcard_process
 .text.z_arm_fatal_error
                0x00000000100068b4       0xe8 zephyr/arch/arch/arm/core/libarch__arm__core.a(fatal.c.obj)
                0x00000000100068b4                z_arm_fatal_error
 .text.z_SysNmiOnReset
                0x000000001000699c        0x4 zephyr/arch/arch/arm/core/libarch__arm__core.a(nmi_on_reset.S.obj)
                0x000000001000699c                z_SysNmiOnReset
 .text.arch_tls_stack_setup
                0x00000000100069a0       0x64 zephyr/arch/arch/arm/core/libarch__arm__core.a(tls.c.obj)
                0x00000000100069a0                arch_tls_stack_setup
 .text._HandlerModeExit
                0x0000000010006a04       0x20 zephyr/arch/arch/arm/core/cortex_m/libarch__arm__core__cortex_m.a(exc_exit.S.obj)
                0x0000000010006a04                z_arm_exc_exit
                0x0000000010006a04                z_arm_int_exit
 .text.z_arm_fault
                0x0000000010006a24      0x1b4 zephyr/arch/arch/arm/core/cortex_m/libarch__arm__core__cortex_m.a(fault.c.obj)
                0x0000000010006a24                z_arm_fault
 .text.__fault  0x0000000010006bd8       0x14 zephyr/arch/arch/arm/core/cortex_m/libarch__arm__core__cortex_m.a(fault_s.S.obj)
                0x0000000010006bd8                z_arm_exc_spurious
                0x0000000010006bd8                z_arm_hard_fault
 .text.z_arm_interrupt_init
                0x0000000010006bec       0x30 zephyr/arch/arch/arm/core/cortex_m/libarch__arm__core__cortex_m.a(irq_init.c.obj)
                0x0000000010006bec                z_arm_interrupt_init
 .text._reset_section
                0x0000000010006c1c       0x38 zephyr/arch/arch/arm/core/cortex_m/libarch__arm__core__cortex_m.a(reset.S.obj)
                0x0000000010006c1c                z_arm_reset
                0x0000000010006c1c                __start
 .text.z_impl_k_thread_abort
                0x0000000010006c54       0x38 zephyr/arch/arch/arm/core/cortex_m/libarch__arm__core__cortex_m.a(thread_abort.c.obj)
                0x0000000010006c54                z_impl_k_thread_abort
 .text.arch_swap
                0x0000000010006c8c       0x38 zephyr/arch/arch/arm/core/cortex_m/libarch__arm__core__cortex_m.a(swap.c.obj)
                0x0000000010006c8c                arch_swap
 .text.z_arm_pendsv
                0x0000000010006cc4       0x78 zephyr/arch/arch/arm/core/cortex_m/libarch__arm__core__cortex_m.a(swap_helper.S.obj)
                0x0000000010006cc4                z_arm_pendsv
 .text.z_arm_svc
                0x0000000010006d3c       0x24 zephyr/arch/arch/arm/core/cortex_m/libarch__arm__core__cortex_m.a(swap_helper.S.obj)
                0x0000000010006d3c                z_arm_svc
 .text.arch_irq_enable
                0x0000000010006d60       0x18 zephyr/arch/arch/arm/core/cortex_m/libarch__arm__core__cortex_m.a(irq_manage.c.obj)
                0x0000000010006d60                arch_irq_enable
 .text.z_arm_irq_priority_set
                0x0000000010006d78       0x54 zephyr/arch/arch/arm/core/cortex_m/libarch__arm__core__cortex_m.a(irq_manage.c.obj)
                0x0000000010006d78                z_arm_irq_priority_set
 .text.z_arm_prep_c
                0x0000000010006dcc       0x2c zephyr/arch/arch/arm/core/cortex_m/libarch__arm__core__cortex_m.a(prep_c.c.obj)
                0x0000000010006dcc                z_arm_prep_c
 .text.arch_new_thread
                0x0000000010006df8       0x30 zephyr/arch/arch/arm/core/cortex_m/libarch__arm__core__cortex_m.a(thread.c.obj)
                0x0000000010006df8                arch_new_thread
 .text.arch_switch_to_main_thread
                0x0000000010006e28       0x2c zephyr/arch/arch/arm/core/cortex_m/libarch__arm__core__cortex_m.a(thread.c.obj)
                0x0000000010006e28                arch_switch_to_main_thread
 .text.z_arm_cpu_idle_init
                0x0000000010006e54        0xc zephyr/arch/arch/arm/core/cortex_m/libarch__arm__core__cortex_m.a(cpu_idle.S.obj)
                0x0000000010006e54                z_arm_cpu_idle_init
 .text.arch_cpu_idle
                0x0000000010006e60       0x10 zephyr/arch/arch/arm/core/cortex_m/libarch__arm__core__cortex_m.a(cpu_idle.S.obj)
                0x0000000010006e60                arch_cpu_idle
 .text._isr_wrapper
                0x0000000010006e70       0x28 zephyr/arch/arch/arm/core/cortex_m/libarch__arm__core__cortex_m.a(isr_wrapper.S.obj)
                0x0000000010006e70                _isr_wrapper
 .text.z_impl_zephyr_fputc
                0x0000000010006e98       0x10 zephyr/lib/libc/picolibc/liblib__libc__picolibc.a(libc-hooks.c.obj)
                0x0000000010006e98                z_impl_zephyr_fputc
 .text.__stdout_hook_install
                0x0000000010006ea8       0x18 zephyr/lib/libc/picolibc/liblib__libc__picolibc.a(libc-hooks.c.obj)
                0x0000000010006ea8                __stdout_hook_install
 .text.cbvprintf
                0x0000000010006ec0       0x38 zephyr/lib/libc/picolibc/liblib__libc__picolibc.a(libc-hooks.c.obj)
                0x0000000010006ec0                cbvprintf
 .text.abort    0x0000000010006ef8       0x14 zephyr/lib/libc/common/liblib__libc__common.a(abort.c.obj)
                0x0000000010006ef8                abort
 .text.malloc_prepare
                0x0000000010006f0c       0x24 zephyr/lib/libc/common/liblib__libc__common.a(malloc.c.obj)
 .text.foldcase
                0x0000000010006f30       0x18 zephyr/lib/posix/liblib__posix.a(fnmatch.c.obj)
 .text.rp2040_init
                0x0000000010006f48       0x48 zephyr/soc/soc/arm/rpi_pico/rp2/libsoc__arm__rpi_pico__rp2.a(soc.c.obj)
 .text.rtio_executor_done
                0x0000000010006f90      0x198 zephyr/subsys/rtio/libsubsys__rtio.a(rtio_executor.c.obj)
 .text.rtio_init
                0x0000000010007128       0x90 zephyr/subsys/rtio/libsubsys__rtio.a(rtio_init.c.obj)
                0x0000000010007128                rtio_init
 .text.uart_console_init
                0x00000000100071b8       0x2c zephyr/drivers/console/libdrivers__console.a(uart_console.c.obj)
 .text.console_out
                0x00000000100071e4       0x28 zephyr/drivers/console/libdrivers__console.a(uart_console.c.obj)
 .text.gpio_rpi_isr
                0x000000001000720c       0x64 zephyr/drivers/gpio/libdrivers__gpio.a(gpio_rpi_pico.c.obj)
 .text.cmd_i2c_speed
                0x0000000010007270       0x8c zephyr/drivers/i2c/libdrivers__i2c.a(i2c_shell.c.obj)
 .text.i2c_read_to_buffer
                0x00000000100072fc       0xa0 zephyr/drivers/i2c/libdrivers__i2c.a(i2c_shell.c.obj)
 .text.cmd_i2c_read_byte
                0x000000001000739c       0x34 zephyr/drivers/i2c/libdrivers__i2c.a(i2c_shell.c.obj)
 .text.i2c_write_from_buffer
                0x00000000100073d0       0xd0 zephyr/drivers/i2c/libdrivers__i2c.a(i2c_shell.c.obj)
 .text.cmd_i2c_scan
                0x00000000100074a0       0xdc zephyr/drivers/i2c/libdrivers__i2c.a(i2c_shell.c.obj)
 .text.cmd_i2c_recover
                0x000000001000757c       0x50 zephyr/drivers/i2c/libdrivers__i2c.a(i2c_shell.c.obj)
 .text.i2c_dw_runtime_configure
                0x00000000100075cc       0x98 zephyr/drivers/i2c/libdrivers__i2c.a(i2c_dw.c.obj)
 .text.i2c_dw_initialize
                0x0000000010007664      0x10c zephyr/drivers/i2c/libdrivers__i2c.a(i2c_dw.c.obj)
 .text.i2c_dw_transfer
                0x0000000010007770      0x1e0 zephyr/drivers/i2c/libdrivers__i2c.a(i2c_dw.c.obj)
 .text.attribute_name_get
                0x0000000010007950       0x34 zephyr/drivers/sensor/libdrivers__sensor.a(sensor_shell.c.obj)
 .text.channel_name_get
                0x0000000010007984       0x50 zephyr/drivers/sensor/libdrivers__sensor.a(sensor_shell.c.obj)
 .text.trigger_name_get
                0x00000000100079d4       0x34 zephyr/drivers/sensor/libdrivers__sensor.a(sensor_shell.c.obj)
 .text.trigger_on_off_get
                0x0000000010007a08       0x28 zephyr/drivers/sensor/libdrivers__sensor.a(sensor_shell.c.obj)
 .text.device_name_get
                0x0000000010007a30       0x2c zephyr/drivers/sensor/libdrivers__sensor.a(sensor_shell.c.obj)
 .text.device_name_get_for_attr
                0x0000000010007a5c       0x2c zephyr/drivers/sensor/libdrivers__sensor.a(sensor_shell.c.obj)
 .text.device_name_get_for_trigger
                0x0000000010007a88       0x24 zephyr/drivers/sensor/libdrivers__sensor.a(sensor_shell.c.obj)
 .text.cmd_sensor_attr_get_handler
                0x0000000010007aac      0x108 zephyr/drivers/sensor/libdrivers__sensor.a(sensor_shell.c.obj)
 .text.data_ready_trigger_handler
                0x0000000010007bb4      0x1b0 zephyr/drivers/sensor/libdrivers__sensor.a(sensor_shell.c.obj)
 .text.cmd_trig_sensor
                0x0000000010007d64       0xfc zephyr/drivers/sensor/libdrivers__sensor.a(sensor_shell.c.obj)
 .text.sensor_shell_processing_callback
                0x0000000010007e60      0x364 zephyr/drivers/sensor/libdrivers__sensor.a(sensor_shell.c.obj)
 .text.cmd_get_sensor
                0x00000000100081c4      0x1e0 zephyr/drivers/sensor/libdrivers__sensor.a(sensor_shell.c.obj)
 .text.cmd_sensor_attr_set
                0x00000000100083a4      0x174 zephyr/drivers/sensor/libdrivers__sensor.a(sensor_shell.c.obj)
 .text.cmd_sensor_attr_get
                0x0000000010008518       0x88 zephyr/drivers/sensor/libdrivers__sensor.a(sensor_shell.c.obj)
 .text.sensor_iodev_submit
                0x00000000100085a0      0x4e0 zephyr/drivers/sensor/libdrivers__sensor.a(default_rtio_sensor.c.obj)
 .text.uart_rpi_irq_err_disable
                0x0000000010008a80       0x14 zephyr/drivers/serial/libdrivers__serial.a(uart_rpi_pico.c.obj)
 .text.uart_rpi_set_format.isra.0
                0x0000000010008a94       0x58 zephyr/drivers/serial/libdrivers__serial.a(uart_rpi_pico.c.obj)
 .text.elapsed  0x0000000010008aec       0x54 zephyr/drivers/timer/libdrivers__timer.a(cortex_m_systick.c.obj)
 .text.sys_clock_driver_init
                0x0000000010008b40       0x40 zephyr/drivers/timer/libdrivers__timer.a(cortex_m_systick.c.obj)
 .text.sys_clock_isr
                0x0000000010008b80       0x58 zephyr/drivers/timer/libdrivers__timer.a(cortex_m_systick.c.obj)
                0x0000000010008b80                sys_clock_isr
 .text.sys_clock_set_timeout
                0x0000000010008bd8      0x118 zephyr/drivers/timer/libdrivers__timer.a(cortex_m_systick.c.obj)
                0x0000000010008bd8                sys_clock_set_timeout
 .text.sys_clock_elapsed
                0x0000000010008cf0       0x38 zephyr/drivers/timer/libdrivers__timer.a(cortex_m_systick.c.obj)
                0x0000000010008cf0                sys_clock_elapsed
 .text.sys_clock_cycle_get_32
                0x0000000010008d28       0x24 zephyr/drivers/timer/libdrivers__timer.a(cortex_m_systick.c.obj)
                0x0000000010008d28                sys_clock_cycle_get_32
 .text.oemec_init
                0x0000000010008d4c       0x40 modules/atlas-driver-zephyr/drivers/sensor/oemec/lib..__atlas-driver-zephyr__drivers__sensor__oemec.a(oemec.c.obj)
 .text.oemec_channel_get
                0x0000000010008d8c       0x3c modules/atlas-driver-zephyr/drivers/sensor/oemec/lib..__atlas-driver-zephyr__drivers__sensor__oemec.a(oemec.c.obj)
 .text.oemec_sample_fetch
                0x0000000010008dc8      0x17c modules/atlas-driver-zephyr/drivers/sensor/oemec/lib..__atlas-driver-zephyr__drivers__sensor__oemec.a(oemec.c.obj)
 .text.oemec_attr_set.part.0
                0x0000000010008f44       0x30 modules/atlas-driver-zephyr/drivers/sensor/oemec/lib..__atlas-driver-zephyr__drivers__sensor__oemec.a(oemec.c.obj)
 .text.clock_configure
                0x0000000010008f74       0xe8 modules/hal_rpi_pico/libmodules__hal_rpi_pico.a(clocks.c.obj)
                0x0000000010008f74                clock_configure
 .text.clocks_init
                0x000000001000905c       0xf4 modules/hal_rpi_pico/libmodules__hal_rpi_pico.a(clocks.c.obj)
                0x000000001000905c                clocks_init
 .text.clock_get_hz
                0x0000000010009150        0xc modules/hal_rpi_pico/libmodules__hal_rpi_pico.a(clocks.c.obj)
                0x0000000010009150                clock_get_hz
 .text.pll_init
                0x000000001000915c       0xcc modules/hal_rpi_pico/libmodules__hal_rpi_pico.a(pll.c.obj)
                0x000000001000915c                pll_init
 .text.xosc_init
                0x0000000010009228       0x28 modules/hal_rpi_pico/libmodules__hal_rpi_pico.a(xosc.c.obj)
                0x0000000010009228                xosc_init
 .text.watchdog_start_tick
                0x0000000010009250       0x10 modules/hal_rpi_pico/libmodules__hal_rpi_pico.a(watchdog.c.obj)
                0x0000000010009250                watchdog_start_tick
 .text.running_on_fpga
                0x0000000010009260       0x10 modules/hal_rpi_pico/libmodules__hal_rpi_pico.a(platform.c.obj)
                0x0000000010009260                running_on_fpga
 .text.gpio_set_function
                0x0000000010009270       0x2c modules/hal_rpi_pico/libmodules__hal_rpi_pico.a(gpio.c.obj)
                0x0000000010009270                gpio_set_function
 .text.gpio_set_pulls
                0x000000001000929c       0x24 modules/hal_rpi_pico/libmodules__hal_rpi_pico.a(gpio.c.obj)
                0x000000001000929c                gpio_set_pulls
 .text.gpio_set_input_hysteresis_enabled
                0x00000000100092c0       0x1c modules/hal_rpi_pico/libmodules__hal_rpi_pico.a(gpio.c.obj)
                0x00000000100092c0                gpio_set_input_hysteresis_enabled
 .text.gpio_set_slew_rate
                0x00000000100092dc       0x1c modules/hal_rpi_pico/libmodules__hal_rpi_pico.a(gpio.c.obj)
                0x00000000100092dc                gpio_set_slew_rate
 .text.gpio_set_drive_strength
                0x00000000100092f8       0x20 modules/hal_rpi_pico/libmodules__hal_rpi_pico.a(gpio.c.obj)
                0x00000000100092f8                gpio_set_drive_strength
 .text.gpio_acknowledge_irq
                0x0000000010009318       0x18 modules/hal_rpi_pico/libmodules__hal_rpi_pico.a(gpio.c.obj)
                0x0000000010009318                gpio_acknowledge_irq
 .text.gpio_set_irq_enabled
                0x0000000010009330       0x44 modules/hal_rpi_pico/libmodules__hal_rpi_pico.a(gpio.c.obj)
                0x0000000010009330                gpio_set_irq_enabled
 .text.gpio_set_input_enabled
                0x0000000010009374       0x1c modules/hal_rpi_pico/libmodules__hal_rpi_pico.a(gpio.c.obj)
                0x0000000010009374                gpio_set_input_enabled
 .text.uart_set_baudrate
                0x0000000010009390       0x5c modules/hal_rpi_pico/libmodules__hal_rpi_pico.a(uart.c.obj)
                0x0000000010009390                uart_set_baudrate
 .text.uart_init
                0x00000000100093ec       0x94 modules/hal_rpi_pico/libmodules__hal_rpi_pico.a(uart.c.obj)
                0x00000000100093ec                uart_init
 .text.z_impl_k_busy_wait
                0x0000000010009480       0x38 zephyr/kernel/libkernel.a(busy_wait.c.obj)
                0x0000000010009480                z_impl_k_busy_wait
 .text.z_device_get_all_static
                0x00000000100094b8       0x1c zephyr/kernel/libkernel.a(device.c.obj)
                0x00000000100094b8                z_device_get_all_static
 .text.z_impl_device_get_binding
                0x00000000100094d4       0x5c zephyr/kernel/libkernel.a(device.c.obj)
                0x00000000100094d4                z_impl_device_get_binding
 .text.k_sys_fatal_error_handler
                0x0000000010009530       0x34 zephyr/kernel/libkernel.a(fatal.c.obj)
                0x0000000010009530                k_sys_fatal_error_handler
 .text.z_fatal_error
                0x0000000010009564      0x120 zephyr/kernel/libkernel.a(fatal.c.obj)
                0x0000000010009564                z_fatal_error
 .text.z_sys_init_run_level
                0x0000000010009684       0x54 zephyr/kernel/libkernel.a(init.c.obj)
 .text.bg_thread_main
                0x00000000100096d8       0x34 zephyr/kernel/libkernel.a(init.c.obj)
 .text.z_bss_zero
                0x000000001000970c       0x18 zephyr/kernel/libkernel.a(init.c.obj)
                0x000000001000970c                z_bss_zero
 .text.z_init_cpu
                0x0000000010009724       0x7c zephyr/kernel/libkernel.a(init.c.obj)
                0x0000000010009724                z_init_cpu
 .text.z_cstart
                0x00000000100097a0       0xb8 zephyr/kernel/libkernel.a(init.c.obj)
                0x00000000100097a0                z_cstart
 .text.k_thread_foreach
                0x0000000010009858       0x30 zephyr/kernel/libkernel.a(thread.c.obj)
                0x0000000010009858                k_thread_foreach
 .text.z_thread_monitor_exit
                0x0000000010009888       0x34 zephyr/kernel/libkernel.a(thread.c.obj)
                0x0000000010009888                z_thread_monitor_exit
 .text.z_impl_k_thread_name_set
                0x00000000100098bc       0x20 zephyr/kernel/libkernel.a(thread.c.obj)
                0x00000000100098bc                z_impl_k_thread_name_set
 .text.k_thread_state_str
                0x00000000100098dc       0x90 zephyr/kernel/libkernel.a(thread.c.obj)
                0x00000000100098dc                k_thread_state_str
 .text.z_setup_new_thread
                0x000000001000996c       0xd4 zephyr/kernel/libkernel.a(thread.c.obj)
                0x000000001000996c                z_setup_new_thread
 .text.z_impl_k_thread_create
                0x0000000010009a40       0x58 zephyr/kernel/libkernel.a(thread.c.obj)
                0x0000000010009a40                z_impl_k_thread_create
 .text.z_init_static_threads
                0x0000000010009a98       0x7c zephyr/kernel/libkernel.a(thread.c.obj)
                0x0000000010009a98                z_init_static_threads
 .text.sys_kernel_version_get
                0x0000000010009b14        0x8 zephyr/kernel/libkernel.a(version.c.obj)
                0x0000000010009b14                sys_kernel_version_get
 .text.z_impl_k_mutex_lock
                0x0000000010009b1c       0xf0 zephyr/kernel/libkernel.a(mutex.c.obj)
                0x0000000010009b1c                z_impl_k_mutex_lock
 .text.z_impl_k_mutex_unlock
                0x0000000010009c0c       0x78 zephyr/kernel/libkernel.a(mutex.c.obj)
                0x0000000010009c0c                z_impl_k_mutex_unlock
 .text.z_impl_k_sem_give
                0x0000000010009c84       0x48 zephyr/kernel/libkernel.a(sem.c.obj)
                0x0000000010009c84                z_impl_k_sem_give
 .text.z_impl_k_sem_take
                0x0000000010009ccc       0x4c zephyr/kernel/libkernel.a(sem.c.obj)
                0x0000000010009ccc                z_impl_k_sem_take
 .text.sliceable
                0x0000000010009d18       0x40 zephyr/kernel/libkernel.a(sched.c.obj)
 .text.slice_timeout
                0x0000000010009d58       0x20 zephyr/kernel/libkernel.a(sched.c.obj)
 .text.z_reset_time_slice
                0x0000000010009d78       0x4c zephyr/kernel/libkernel.a(sched.c.obj)
                0x0000000010009d78                z_reset_time_slice
 .text.update_cache
                0x0000000010009dc4       0x44 zephyr/kernel/libkernel.a(sched.c.obj)
 .text.move_thread_to_end_of_prio_q
                0x0000000010009e08       0x78 zephyr/kernel/libkernel.a(sched.c.obj)
 .text.ready_thread
                0x0000000010009e80       0x6c zephyr/kernel/libkernel.a(sched.c.obj)
 .text.unready_thread
                0x0000000010009eec       0x2c zephyr/kernel/libkernel.a(sched.c.obj)
 .text.pend_locked
                0x0000000010009f18       0x2c zephyr/kernel/libkernel.a(sched.c.obj)
 .text.z_time_slice
                0x0000000010009f44       0x58 zephyr/kernel/libkernel.a(sched.c.obj)
                0x0000000010009f44                z_time_slice
 .text.z_pend_curr
                0x0000000010009f9c       0x30 zephyr/kernel/libkernel.a(sched.c.obj)
                0x0000000010009f9c                z_pend_curr
 .text.z_set_prio
                0x0000000010009fcc       0x8c zephyr/kernel/libkernel.a(sched.c.obj)
                0x0000000010009fcc                z_set_prio
 .text.z_reschedule
                0x000000001000a058       0x2c zephyr/kernel/libkernel.a(sched.c.obj)
                0x000000001000a058                z_reschedule
 .text.z_sched_start
                0x000000001000a084       0x34 zephyr/kernel/libkernel.a(sched.c.obj)
                0x000000001000a084                z_sched_start
 .text.z_impl_k_thread_suspend
                0x000000001000a0b8       0x58 zephyr/kernel/libkernel.a(sched.c.obj)
                0x000000001000a0b8                z_impl_k_thread_suspend
 .text.k_sched_lock
                0x000000001000a110       0x20 zephyr/kernel/libkernel.a(sched.c.obj)
                0x000000001000a110                k_sched_lock
 .text.k_sched_unlock
                0x000000001000a130       0x2c zephyr/kernel/libkernel.a(sched.c.obj)
                0x000000001000a130                k_sched_unlock
 .text.z_sched_init
                0x000000001000a15c       0x14 zephyr/kernel/libkernel.a(sched.c.obj)
                0x000000001000a15c                z_sched_init
 .text.z_impl_k_yield
                0x000000001000a170       0x78 zephyr/kernel/libkernel.a(sched.c.obj)
                0x000000001000a170                z_impl_k_yield
 .text.z_tick_sleep
                0x000000001000a1e8       0x8c zephyr/kernel/libkernel.a(sched.c.obj)
 .text.z_impl_k_sleep
                0x000000001000a274       0x30 zephyr/kernel/libkernel.a(sched.c.obj)
                0x000000001000a274                z_impl_k_sleep
 .text.z_impl_k_sched_current_thread_query
                0x000000001000a2a4        0xc zephyr/kernel/libkernel.a(sched.c.obj)
                0x000000001000a2a4                z_impl_k_sched_current_thread_query
 .text.z_thread_abort
                0x000000001000a2b0       0xc0 zephyr/kernel/libkernel.a(sched.c.obj)
                0x000000001000a2b0                z_thread_abort
 .text.z_sched_wait
                0x000000001000a370       0x24 zephyr/kernel/libkernel.a(sched.c.obj)
                0x000000001000a370                z_sched_wait
 .text.z_data_copy
                0x000000001000a394       0x34 zephyr/kernel/libkernel.a(xip.c.obj)
                0x000000001000a394                z_data_copy
 .text.elapsed  0x000000001000a3c8       0x18 zephyr/kernel/libkernel.a(timeout.c.obj)
 .text.next_timeout
                0x000000001000a3e0       0x44 zephyr/kernel/libkernel.a(timeout.c.obj)
 .text.remove_timeout
                0x000000001000a424       0x38 zephyr/kernel/libkernel.a(timeout.c.obj)
 .text.z_add_timeout
                0x000000001000a45c       0xdc zephyr/kernel/libkernel.a(timeout.c.obj)
                0x000000001000a45c                z_add_timeout
 .text.sys_clock_announce
                0x000000001000a538       0xdc zephyr/kernel/libkernel.a(timeout.c.obj)
                0x000000001000a538                sys_clock_announce
 .text.sys_clock_tick_get
                0x000000001000a614       0x2c zephyr/kernel/libkernel.a(timeout.c.obj)
                0x000000001000a614                sys_clock_tick_get
 .text.z_timer_expiration_handler
                0x000000001000a640       0xec zephyr/kernel/libkernel.a(timer.c.obj)
                0x000000001000a640                z_timer_expiration_handler
 .text.z_impl_k_timer_start
                0x000000001000a72c       0x5c zephyr/kernel/libkernel.a(timer.c.obj)
                0x000000001000a72c                z_impl_k_timer_start
 .text.register_events
                0x000000001000a788       0xdc zephyr/kernel/libkernel.a(poll.c.obj)
 .text.signal_poll_event
                0x000000001000a864       0x94 zephyr/kernel/libkernel.a(poll.c.obj)
 .text.z_impl_k_poll
                0x000000001000a8f8       0xa8 zephyr/kernel/libkernel.a(poll.c.obj)
                0x000000001000a8f8                z_impl_k_poll
 .text.z_impl_k_poll_signal_raise
                0x000000001000a9a0       0x4c zephyr/kernel/libkernel.a(poll.c.obj)
                0x000000001000a9a0                z_impl_k_poll_signal_raise
 .text.boot_banner
                0x000000001000a9ec       0x10 zephyr/kernel/libkernel.a(banner.c.obj)
                0x000000001000a9ec                boot_banner
 .text.k_sys_work_q_init
                0x000000001000a9fc       0x34 zephyr/kernel/libkernel.a(system_work_q.c.obj)
 .text.work_queue_main
                0x000000001000aa30      0x124 zephyr/kernel/libkernel.a(work.c.obj)
 .text.submit_to_queue_locked
                0x000000001000ab54       0xd4 zephyr/kernel/libkernel.a(work.c.obj)
 .text.k_work_queue_start
                0x000000001000ac28       0x78 zephyr/kernel/libkernel.a(work.c.obj)
                0x000000001000ac28                k_work_queue_start
 .text.__assert_no_args
                0x000000001000aca0       0x18 /home/anuj/zephyr-sdk-0.16.4/arm-zephyr-eabi/bin/../lib/gcc/../../picolibc/arm-zephyr-eabi/lib/thumb/v6-m/nofp/libc.a(libc_stdlib_assert_no_arg.c.o)
                0x000000001000aca0                __assert_no_args
 .text.snprintf
                0x000000001000acb8       0x5c /home/anuj/zephyr-sdk-0.16.4/arm-zephyr-eabi/bin/../lib/gcc/../../picolibc/arm-zephyr-eabi/lib/thumb/v6-m/nofp/libc.a(libc_tinystdio_snprintf.c.o)
                0x000000001000acb8                snprintf
 .text.strtol   0x000000001000ad14       0xf4 /home/anuj/zephyr-sdk-0.16.4/arm-zephyr-eabi/bin/../lib/gcc/../../picolibc/arm-zephyr-eabi/lib/thumb/v6-m/nofp/libc.a(libc_tinystdio_strtol.c.o)
                0x000000001000ad14                strtol
 .text.strtoul  0x000000001000ae08      0x118 /home/anuj/zephyr-sdk-0.16.4/arm-zephyr-eabi/bin/../lib/gcc/../../picolibc/arm-zephyr-eabi/lib/thumb/v6-m/nofp/libc.a(libc_tinystdio_strtoul.c.o)
                0x000000001000ae08                strtoul
 .text.skip_to_arg
                0x000000001000af20      0x164 /home/anuj/zephyr-sdk-0.16.4/arm-zephyr-eabi/bin/../lib/gcc/../../picolibc/arm-zephyr-eabi/lib/thumb/v6-m/nofp/libc.a(libc_tinystdio_vfprintf.c.o)
 .text.vfprintf
                0x000000001000b084      0xbe4 /home/anuj/zephyr-sdk-0.16.4/arm-zephyr-eabi/bin/../lib/gcc/../../picolibc/arm-zephyr-eabi/lib/thumb/v6-m/nofp/libc.a(libc_tinystdio_vfprintf.c.o)
                0x000000001000b084                __d_vfprintf
 .text.div10    0x000000001000bc68       0x28 /home/anuj/zephyr-sdk-0.16.4/arm-zephyr-eabi/bin/../lib/gcc/../../picolibc/arm-zephyr-eabi/lib/thumb/v6-m/nofp/libc.a(libc_tinystdio_dtoa_ryu.c.o)
 .text.__dtoa_engine
                0x000000001000bc90      0x4f4 /home/anuj/zephyr-sdk-0.16.4/arm-zephyr-eabi/bin/../lib/gcc/../../picolibc/arm-zephyr-eabi/lib/thumb/v6-m/nofp/libc.a(libc_tinystdio_dtoa_ryu.c.o)
                0x000000001000bc90                __dtoa_engine
 .text.__pow5Factor
                0x000000001000c184       0x2c /home/anuj/zephyr-sdk-0.16.4/arm-zephyr-eabi/bin/../lib/gcc/../../picolibc/arm-zephyr-eabi/lib/thumb/v6-m/nofp/libc.a(libc_tinystdio_ryu_table.c.o)
                0x000000001000c184                __pow5Factor
 .text.__double_computePow5
                0x000000001000c1b0       0xf8 /home/anuj/zephyr-sdk-0.16.4/arm-zephyr-eabi/bin/../lib/gcc/../../picolibc/arm-zephyr-eabi/lib/thumb/v6-m/nofp/libc.a(libc_tinystdio_ryu_table.c.o)
                0x000000001000c1b0                __double_computePow5
 .text.__double_computeInvPow5
                0x000000001000c2a8      0x100 /home/anuj/zephyr-sdk-0.16.4/arm-zephyr-eabi/bin/../lib/gcc/../../picolibc/arm-zephyr-eabi/lib/thumb/v6-m/nofp/libc.a(libc_tinystdio_ryu_table.c.o)
                0x000000001000c2a8                __double_computeInvPow5
 .text.__log10Pow2
                0x000000001000c3a8        0xc /home/anuj/zephyr-sdk-0.16.4/arm-zephyr-eabi/bin/../lib/gcc/../../picolibc/arm-zephyr-eabi/lib/thumb/v6-m/nofp/libc.a(libc_tinystdio_ryu_log10.c.o)
                0x000000001000c3a8                __log10Pow2
 .text.__log10Pow5
                0x000000001000c3b4        0xc /home/anuj/zephyr-sdk-0.16.4/arm-zephyr-eabi/bin/../lib/gcc/../../picolibc/arm-zephyr-eabi/lib/thumb/v6-m/nofp/libc.a(libc_tinystdio_ryu_log10.c.o)
                0x000000001000c3b4                __log10Pow5
 .text.__pow5bits
                0x000000001000c3c0       0x10 /home/anuj/zephyr-sdk-0.16.4/arm-zephyr-eabi/bin/../lib/gcc/../../picolibc/arm-zephyr-eabi/lib/thumb/v6-m/nofp/libc.a(libc_tinystdio_ryu_pow5bits.c.o)
                0x000000001000c3c0                __pow5bits
 .text._OffsetAbsSyms
                0x000000001000c3d0        0x2 zephyr/CMakeFiles/offsets.dir/./arch/arm/core/offsets/offsets.c.obj
                0x000000001000c3d0                _OffsetAbsSyms
 .text.cbpprintf_external
                0x000000001000c3d2       0x68 zephyr/libzephyr.a(cbprintf_packaged.c.obj)
                0x000000001000c3d2                cbpprintf_external
 .text.is_ptr   0x000000001000c43a       0x4a zephyr/libzephyr.a(cbprintf_packaged.c.obj)
                0x000000001000c43a                is_ptr
 .text.arch_printk_char_out
                0x000000001000c484        0x4 zephyr/libzephyr.a(printk.c.obj)
                0x000000001000c484                arch_printk_char_out
 .text.printk   0x000000001000c488       0x16 zephyr/libzephyr.a(printk.c.obj)
                0x000000001000c488                printk
 .text.chunk_field
                0x000000001000c49e       0x1a zephyr/libzephyr.a(heap.c.obj)
 .text.chunk_set
                0x000000001000c4b8       0x1c zephyr/libzephyr.a(heap.c.obj)
 .text.chunk_size
                0x000000001000c4d4        0xc zephyr/libzephyr.a(heap.c.obj)
 .text.set_chunk_used
                0x000000001000c4e0       0x36 zephyr/libzephyr.a(heap.c.obj)
 .text.set_chunk_size
                0x000000001000c516        0xc zephyr/libzephyr.a(heap.c.obj)
 .text.bucket_idx.isra.0
                0x000000001000c522       0x20 zephyr/libzephyr.a(heap.c.obj)
 .text.free_list_add
                0x000000001000c542       0x88 zephyr/libzephyr.a(heap.c.obj)
 .text.sys_heap_init
                0x000000001000c5ca       0xac zephyr/libzephyr.a(heap.c.obj)
                0x000000001000c5ca                sys_heap_init
 .text.setup_bundle_data.constprop.0
                0x000000001000c676       0x38 zephyr/libzephyr.a(bitarray.c.obj)
 .text.set_region
                0x000000001000c6ae       0x8e zephyr/libzephyr.a(bitarray.c.obj)
 .text.match_region
                0x000000001000c73c       0x92 zephyr/libzephyr.a(bitarray.c.obj)
 .text.sys_bitarray_alloc
                0x000000001000c7ce       0x9e zephyr/libzephyr.a(bitarray.c.obj)
                0x000000001000c7ce                sys_bitarray_alloc
 .text.sys_bitarray_free
                0x000000001000c86c       0x6a zephyr/libzephyr.a(bitarray.c.obj)
                0x000000001000c86c                sys_bitarray_free
 .text.ring_buf_put_claim
                0x000000001000c8d6       0x38 zephyr/libzephyr.a(ring_buffer.c.obj)
                0x000000001000c8d6                ring_buf_put_claim
 .text.ring_buf_put_finish
                0x000000001000c90e       0x2a zephyr/libzephyr.a(ring_buffer.c.obj)
                0x000000001000c90e                ring_buf_put_finish
 .text.ring_buf_put
                0x000000001000c938       0x3e zephyr/libzephyr.a(ring_buffer.c.obj)
                0x000000001000c938                ring_buf_put
 .text.ring_buf_get_claim
                0x000000001000c976       0x38 zephyr/libzephyr.a(ring_buffer.c.obj)
                0x000000001000c976                ring_buf_get_claim
 .text.ring_buf_get_finish
                0x000000001000c9ae       0x2a zephyr/libzephyr.a(ring_buffer.c.obj)
                0x000000001000c9ae                ring_buf_get_finish
 .text.ring_buf_get
                0x000000001000c9d8       0x40 zephyr/libzephyr.a(ring_buffer.c.obj)
                0x000000001000c9d8                ring_buf_get
 .text.free_space
                0x000000001000ca18       0x2c zephyr/libzephyr.a(mpsc_pbuf.c.obj)
 .text.get_usage
                0x000000001000ca44       0x22 zephyr/libzephyr.a(mpsc_pbuf.c.obj)
 .text.idx_inc  0x000000001000ca66       0x1c zephyr/libzephyr.a(mpsc_pbuf.c.obj)
 .text.rd_idx_inc
                0x000000001000ca82       0x18 zephyr/libzephyr.a(mpsc_pbuf.c.obj)
 .text.add_skip_item
                0x000000001000ca9a       0x3a zephyr/libzephyr.a(mpsc_pbuf.c.obj)
 .text.drop_item_locked
                0x000000001000cad4       0xe2 zephyr/libzephyr.a(mpsc_pbuf.c.obj)
 .text.post_drop_action
                0x000000001000cbb6       0x38 zephyr/libzephyr.a(mpsc_pbuf.c.obj)
 .text.max_utilization_update
                0x000000001000cbee       0x1a zephyr/libzephyr.a(mpsc_pbuf.c.obj)
 .text.mpsc_pbuf_init
                0x000000001000cc08       0x42 zephyr/libzephyr.a(mpsc_pbuf.c.obj)
                0x000000001000cc08                mpsc_pbuf_init
 .text.mpsc_pbuf_alloc
                0x000000001000cc4a       0xfc zephyr/libzephyr.a(mpsc_pbuf.c.obj)
                0x000000001000cc4a                mpsc_pbuf_alloc
 .text.mpsc_pbuf_commit
                0x000000001000cd46       0x38 zephyr/libzephyr.a(mpsc_pbuf.c.obj)
                0x000000001000cd46                mpsc_pbuf_commit
 .text.mpsc_pbuf_claim
                0x000000001000cd7e       0xa2 zephyr/libzephyr.a(mpsc_pbuf.c.obj)
                0x000000001000cd7e                mpsc_pbuf_claim
 .text.mpsc_pbuf_free
                0x000000001000ce20       0x72 zephyr/libzephyr.a(mpsc_pbuf.c.obj)
                0x000000001000ce20                mpsc_pbuf_free
 .text.mpsc_pbuf_is_pending
                0x000000001000ce92       0x1c zephyr/libzephyr.a(mpsc_pbuf.c.obj)
                0x000000001000ce92                mpsc_pbuf_is_pending
 .text.mpsc_pbuf_get_utilization
                0x000000001000ceae       0x16 zephyr/libzephyr.a(mpsc_pbuf.c.obj)
                0x000000001000ceae                mpsc_pbuf_get_utilization
 .text.mpsc_pbuf_get_max_utilization
                0x000000001000cec4       0x16 zephyr/libzephyr.a(mpsc_pbuf.c.obj)
                0x000000001000cec4                mpsc_pbuf_get_max_utilization
 .text.sys_mem_blocks_alloc_contiguous
                0x000000001000ceda       0x36 zephyr/libzephyr.a(mem_blocks.c.obj)
                0x000000001000ceda                sys_mem_blocks_alloc_contiguous
 .text.sys_mem_blocks_free_contiguous
                0x000000001000cf10       0x34 zephyr/libzephyr.a(mem_blocks.c.obj)
                0x000000001000cf10                sys_mem_blocks_free_contiguous
 .text._ConfigAbsSyms
                0x000000001000cf44        0x2 zephyr/libzephyr.a(configs.c.obj)
                0x000000001000cf44                _ConfigAbsSyms
 .text.log_msg_generic_get_wlen
                0x000000001000cf46       0x22 zephyr/libzephyr.a(log_core.c.obj)
 .text.dummy_timestamp
                0x000000001000cf68        0x4 zephyr/libzephyr.a(log_core.c.obj)
 .text.atomic_inc
                0x000000001000cf6c        0xa zephyr/libzephyr.a(log_core.c.obj)
 .text.default_lf_get_timestamp
                0x000000001000cf76       0x10 zephyr/libzephyr.a(log_core.c.obj)
 .text.z_log_vprintk
                0x000000001000cf86       0x1a zephyr/libzephyr.a(log_core.c.obj)
                0x000000001000cf86                z_log_vprintk
 .text.z_log_notify_drop
                0x000000001000cfa0        0xa zephyr/libzephyr.a(log_core.c.obj)
 .text.z_log_get_tag
                0x000000001000cfaa        0x4 zephyr/libzephyr.a(log_core.c.obj)
                0x000000001000cfaa                z_log_get_tag
 .text.log_backend_disable
                0x000000001000cfae       0x1a zephyr/libzephyr.a(log_mgmt.c.obj)
                0x000000001000cfae                log_backend_disable
 .text.z_cbprintf_cpy
                0x000000001000cfc8       0x2e zephyr/libzephyr.a(log_msg.c.obj)
 .text.z_log_msg_finalize
                0x000000001000cff6       0x32 zephyr/libzephyr.a(log_msg.c.obj)
                0x000000001000cff6                z_log_msg_finalize
 .text.buffer_write
                0x000000001000d028       0x1c zephyr/libzephyr.a(log_output.c.obj)
 .text.log_output_flush
                0x000000001000d044       0x18 zephyr/libzephyr.a(log_output.c.obj)
                0x000000001000d044                log_output_flush
 .text.out_func
                0x000000001000d05c       0x26 zephyr/libzephyr.a(log_output.c.obj)
 .text.cr_out_func
                0x000000001000d082       0x1c zephyr/libzephyr.a(log_output.c.obj)
 .text.log_halt
                0x000000001000d09e        0x8 zephyr/libzephyr.a(log_cmds.c.obj)
 .text.log_go   0x000000001000d0a6        0xa zephyr/libzephyr.a(log_cmds.c.obj)
 .text.cmd_log_self_status
                0x000000001000d0b0       0x22 zephyr/libzephyr.a(log_cmds.c.obj)
 .text.cmd_log_self_enable
                0x000000001000d0d2       0x24 zephyr/libzephyr.a(log_cmds.c.obj)
 .text.log_disable
                0x000000001000d0f6       0x12 zephyr/libzephyr.a(log_cmds.c.obj)
 .text.cmd_log_self_disable
                0x000000001000d108       0x24 zephyr/libzephyr.a(log_cmds.c.obj)
 .text.cmd_log_self_go
                0x000000001000d12c       0x1a zephyr/libzephyr.a(log_cmds.c.obj)
 .text.cmd_log_self_halt
                0x000000001000d146       0x1a zephyr/libzephyr.a(log_cmds.c.obj)
 .text.log_msg_generic_get_wlen
                0x000000001000d160       0x22 zephyr/libzephyr.a(shell_uart.c.obj)
 .text.uart_irq_tx_disable
                0x000000001000d182        0xe zephyr/libzephyr.a(shell_uart.c.obj)
 .text.enable   0x000000001000d190       0x18 zephyr/libzephyr.a(shell_uart.c.obj)
 .text.read     0x000000001000d1a8       0x12 zephyr/libzephyr.a(shell_uart.c.obj)
 .text.uninit   0x000000001000d1ba       0x24 zephyr/libzephyr.a(shell_uart.c.obj)
 .text.write    0x000000001000d1de       0x62 zephyr/libzephyr.a(shell_uart.c.obj)
 .text.cmd_buffer_clear
                0x000000001000d240       0x12 zephyr/libzephyr.a(shell.c.obj)
 .text.atomic_or
                0x000000001000d252        0x8 zephyr/libzephyr.a(shell.c.obj)
 .text.atomic_and
                0x000000001000d25a        0x8 zephyr/libzephyr.a(shell.c.obj)
 .text.shell_signal_handle
                0x000000001000d262       0x2e zephyr/libzephyr.a(shell.c.obj)
 .text.z_shell_strlen
                0x000000001000d290       0x12 zephyr/libzephyr.a(shell.c.obj)
 .text.z_shell_raw_fprintf
                0x000000001000d2a2       0x16 zephyr/libzephyr.a(shell.c.obj)
 .text.k_mutex_lock.constprop.0.isra.0
                0x000000001000d2b8        0x8 zephyr/libzephyr.a(shell.c.obj)
 .text.transport_evt_handler
                0x000000001000d2c0       0x1e zephyr/libzephyr.a(shell.c.obj)
 .text.z_flag_history_exit_set.isra.0
                0x000000001000d2de       0x1e zephyr/libzephyr.a(shell.c.obj)
 .text.z_flag_insert_mode_set.isra.0
                0x000000001000d2fc       0x22 zephyr/libzephyr.a(shell.c.obj)
 .text.k_mutex_unlock.isra.0
                0x000000001000d31e        0x8 zephyr/libzephyr.a(shell.c.obj)
 .text.shell_log_process
                0x000000001000d326       0x4a zephyr/libzephyr.a(shell.c.obj)
 .text.shell_vfprintf
                0x000000001000d370       0x96 zephyr/libzephyr.a(shell.c.obj)
                0x000000001000d370                shell_vfprintf
 .text.shell_fprintf
                0x000000001000d406       0x16 zephyr/libzephyr.a(shell.c.obj)
                0x000000001000d406                shell_fprintf
 .text.shell_hexdump
                0x000000001000d41c       0x2a zephyr/libzephyr.a(shell.c.obj)
                0x000000001000d41c                shell_hexdump
 .text.shell_prompt_change
                0x000000001000d446       0x20 zephyr/libzephyr.a(shell.c.obj)
                0x000000001000d446                shell_prompt_change
 .text.shell_help
                0x000000001000d466       0x26 zephyr/libzephyr.a(shell.c.obj)
                0x000000001000d466                shell_help
 .text.shell_get_return_value
                0x000000001000d48c       0x14 zephyr/libzephyr.a(shell.c.obj)
                0x000000001000d48c                shell_get_return_value
 .text.shell_set_bypass
                0x000000001000d4a0       0x10 zephyr/libzephyr.a(shell.c.obj)
                0x000000001000d4a0                shell_set_bypass
 .text.z_shell_fprintf_buffer_flush
                0x000000001000d4b0       0x18 zephyr/libzephyr.a(shell_fprintf.c.obj)
                0x000000001000d4b0                z_shell_fprintf_buffer_flush
 .text.out_func
                0x000000001000d4c8       0x3c zephyr/libzephyr.a(shell_fprintf.c.obj)
 .text.z_shell_strlen
                0x000000001000d504       0x12 zephyr/libzephyr.a(shell_utils.c.obj)
 .text.z_column_span_with_buffer_offsets_get
                0x000000001000d516       0x1e zephyr/libzephyr.a(shell_utils.c.obj)
                0x000000001000d516                z_column_span_with_buffer_offsets_get
 .text.z_row_span_with_buffer_offsets_get
                0x000000001000d534       0x1e zephyr/libzephyr.a(shell_utils.c.obj)
                0x000000001000d534                z_row_span_with_buffer_offsets_get
 .text.z_shell_multiline_data_calc
                0x000000001000d552       0x2c zephyr/libzephyr.a(shell_utils.c.obj)
                0x000000001000d552                z_shell_multiline_data_calc
 .text.z_shell_pattern_remove
                0x000000001000d57e       0x48 zephyr/libzephyr.a(shell_utils.c.obj)
                0x000000001000d57e                z_shell_pattern_remove
 .text.z_shell_find_cmd
                0x000000001000d5c6       0x3e zephyr/libzephyr.a(shell_utils.c.obj)
                0x000000001000d5c6                z_shell_find_cmd
 .text.z_shell_get_last_command
                0x000000001000d604       0x64 zephyr/libzephyr.a(shell_utils.c.obj)
                0x000000001000d604                z_shell_get_last_command
 .text.shell_device_lookup
                0x000000001000d668       0x6a zephyr/libzephyr.a(shell_utils.c.obj)
                0x000000001000d668                shell_device_lookup
 .text.z_shell_raw_fprintf
                0x000000001000d6d2       0x16 zephyr/libzephyr.a(shell_ops.c.obj)
 .text.full_line_cmd.isra.0
                0x000000001000d6e8       0x22 zephyr/libzephyr.a(shell_ops.c.obj)
 .text.z_shell_cursor_in_empty_line
                0x000000001000d70a       0x2e zephyr/libzephyr.a(shell_ops.c.obj)
                0x000000001000d70a                z_shell_cursor_in_empty_line
 .text.z_shell_op_cond_next_line
                0x000000001000d738       0x1e zephyr/libzephyr.a(shell_ops.c.obj)
                0x000000001000d738                z_shell_op_cond_next_line
 .text.z_shell_op_cursor_position_synchronize
                0x000000001000d756       0x46 zephyr/libzephyr.a(shell_ops.c.obj)
                0x000000001000d756                z_shell_op_cursor_position_synchronize
 .text.z_shell_op_cursor_move
                0x000000001000d79c       0x48 zephyr/libzephyr.a(shell_ops.c.obj)
                0x000000001000d79c                z_shell_op_cursor_move
 .text.z_shell_op_cursor_home_move
                0x000000001000d7e4       0x10 zephyr/libzephyr.a(shell_ops.c.obj)
                0x000000001000d7e4                z_shell_op_cursor_home_move
 .text.z_shell_op_cursor_end_move
                0x000000001000d7f4       0x12 zephyr/libzephyr.a(shell_ops.c.obj)
                0x000000001000d7f4                z_shell_op_cursor_end_move
 .text.z_shell_op_left_arrow
                0x000000001000d806       0x14 zephyr/libzephyr.a(shell_ops.c.obj)
                0x000000001000d806                z_shell_op_left_arrow
 .text.z_shell_op_right_arrow
                0x000000001000d81a       0x14 zephyr/libzephyr.a(shell_ops.c.obj)
                0x000000001000d81a                z_shell_op_right_arrow
 .text.z_shell_op_delete_from_cursor
                0x000000001000d82e       0x1a zephyr/libzephyr.a(shell_ops.c.obj)
                0x000000001000d82e                z_shell_op_delete_from_cursor
 .text.z_shell_cmd_line_erase
                0x000000001000d848       0x32 zephyr/libzephyr.a(shell_ops.c.obj)
                0x000000001000d848                z_shell_cmd_line_erase
 .text.z_shell_write
                0x000000001000d87a       0x78 zephyr/libzephyr.a(shell_ops.c.obj)
                0x000000001000d87a                z_shell_write
 .text.z_shell_print_stream
                0x000000001000d8f2        0x8 zephyr/libzephyr.a(shell_ops.c.obj)
                0x000000001000d8f2                z_shell_print_stream
 .text.z_shell_vfprintf
                0x000000001000d8fa       0x4e zephyr/libzephyr.a(shell_ops.c.obj)
                0x000000001000d8fa                z_shell_vfprintf
 .text.z_shell_fprintf
                0x000000001000d948       0x16 zephyr/libzephyr.a(shell_ops.c.obj)
                0x000000001000d948                z_shell_fprintf
 .text.data_insert
                0x000000001000d95e       0x62 zephyr/libzephyr.a(shell_ops.c.obj)
 .text.z_shell_op_completion_insert
                0x000000001000d9c0        0x8 zephyr/libzephyr.a(shell_ops.c.obj)
                0x000000001000d9c0                z_shell_op_completion_insert
 .text.z_shell_op_char_delete
                0x000000001000d9c8       0x34 zephyr/libzephyr.a(shell_ops.c.obj)
                0x000000001000d9c8                z_shell_op_char_delete
 .text.z_shell_op_char_backspace
                0x000000001000d9fc       0x22 zephyr/libzephyr.a(shell_ops.c.obj)
                0x000000001000d9fc                z_shell_op_char_backspace
 .text.process_msg_from_buffer
                0x000000001000da1e       0x38 zephyr/libzephyr.a(shell_log_backend.c.obj)
 .text.dropped  0x000000001000da56       0x1a zephyr/libzephyr.a(shell_log_backend.c.obj)
 .text.process  0x000000001000da70      0x12c zephyr/libzephyr.a(shell_log_backend.c.obj)
 .text.z_shell_log_backend_output_func
                0x000000001000db9c       0x14 zephyr/libzephyr.a(shell_log_backend.c.obj)
                0x000000001000db9c                z_shell_log_backend_output_func
 .text.z_shell_log_backend_enable
                0x000000001000dbb0       0x2e zephyr/libzephyr.a(shell_log_backend.c.obj)
                0x000000001000dbb0                z_shell_log_backend_enable
 .text.z_shell_log_backend_disable
                0x000000001000dbde       0x12 zephyr/libzephyr.a(shell_log_backend.c.obj)
                0x000000001000dbde                z_shell_log_backend_disable
 .text.panic    0x000000001000dbf0       0x62 zephyr/libzephyr.a(shell_log_backend.c.obj)
 .text.z_shell_log_backend_process
                0x000000001000dc52       0x5c zephyr/libzephyr.a(shell_log_backend.c.obj)
                0x000000001000dc52                z_shell_log_backend_process
 .text.z_shell_raw_fprintf
                0x000000001000dcae       0x16 zephyr/libzephyr.a(shell_help.c.obj)
 .text.cmd_comment
                0x000000001000dcc4        0x4 zephyr/libzephyr.a(shell_cmds.c.obj)
 .text.cmd_shell_stats_reset
                0x000000001000dcc8        0x8 zephyr/libzephyr.a(shell_cmds.c.obj)
 .text.z_shell_raw_fprintf
                0x000000001000dcd0       0x16 zephyr/libzephyr.a(shell_cmds.c.obj)
 .text.cmd_prompt_on
                0x000000001000dce6        0xc zephyr/libzephyr.a(shell_cmds.c.obj)
 .text.cmd_vt100_off
                0x000000001000dcf2       0x16 zephyr/libzephyr.a(shell_cmds.c.obj)
 .text.cmd_bacskpace_mode_delete
                0x000000001000dd08       0x14 zephyr/libzephyr.a(shell_cmds.c.obj)
 .text.cmd_colors_off
                0x000000001000dd1c       0x16 zephyr/libzephyr.a(shell_cmds.c.obj)
 .text.cmd_bacskpace_mode_backspace
                0x000000001000dd32       0x16 zephyr/libzephyr.a(shell_cmds.c.obj)
 .text.cmd_echo_off
                0x000000001000dd48       0x16 zephyr/libzephyr.a(shell_cmds.c.obj)
 .text.cmd_colors_on
                0x000000001000dd5e       0x14 zephyr/libzephyr.a(shell_cmds.c.obj)
 .text.cmd_vt100_on
                0x000000001000dd72       0x14 zephyr/libzephyr.a(shell_cmds.c.obj)
 .text.cmd_echo_on
                0x000000001000dd86       0x14 zephyr/libzephyr.a(shell_cmds.c.obj)
 .text.remove_from_tail.part.0
                0x000000001000dd9a       0x24 zephyr/libzephyr.a(shell_history.c.obj)
 .text.z_shell_history_mode_exit
                0x000000001000ddbe        0x6 zephyr/libzephyr.a(shell_history.c.obj)
                0x000000001000ddbe                z_shell_history_mode_exit
 .text.z_shell_history_get
                0x000000001000ddc4       0x56 zephyr/libzephyr.a(shell_history.c.obj)
                0x000000001000ddc4                z_shell_history_get
 .text.z_shell_history_purge
                0x000000001000de1a       0x18 zephyr/libzephyr.a(shell_history.c.obj)
                0x000000001000de1a                z_shell_history_purge
 .text.z_shell_history_put
                0x000000001000de32       0xda zephyr/libzephyr.a(shell_history.c.obj)
                0x000000001000de32                z_shell_history_put
 .text.z_shell_history_init
                0x000000001000df0c        0xc zephyr/libzephyr.a(shell_history.c.obj)
                0x000000001000df0c                z_shell_history_init
 .text.z_shell_has_wildcard
                0x000000001000df18       0x28 zephyr/libzephyr.a(shell_wildcard.c.obj)
                0x000000001000df18                z_shell_has_wildcard
 .text.z_shell_wildcard_prepare
                0x000000001000df40       0x42 zephyr/libzephyr.a(shell_wildcard.c.obj)
                0x000000001000df40                z_shell_wildcard_prepare
 .text.z_shell_wildcard_finalize
                0x000000001000df82       0x20 zephyr/libzephyr.a(shell_wildcard.c.obj)
                0x000000001000df82                z_shell_wildcard_finalize
 .text.z_do_kernel_oops
                0x000000001000dfa2        0xc zephyr/arch/arch/arm/core/libarch__arm__core.a(fatal.c.obj)
                0x000000001000dfa2                z_do_kernel_oops
 .text.z_arm_nmi
                0x000000001000dfae        0xc zephyr/arch/arch/arm/core/libarch__arm__core.a(nmi.c.obj)
                0x000000001000dfae                z_arm_nmi
 .text.z_arm_fault_init
                0x000000001000dfba        0x2 zephyr/arch/arch/arm/core/cortex_m/libarch__arm__core__cortex_m.a(fault.c.obj)
                0x000000001000dfba                z_arm_fault_init
 .text.z_irq_spurious
                0x000000001000dfbc        0xc zephyr/arch/arch/arm/core/cortex_m/libarch__arm__core__cortex_m.a(irq_manage.c.obj)
                0x000000001000dfbc                z_irq_spurious
 .text.cbputc   0x000000001000dfc8        0xc zephyr/lib/libc/picolibc/liblib__libc__picolibc.a(libc-hooks.c.obj)
 .text.picolibc_put
                0x000000001000dfd4        0xa zephyr/lib/libc/picolibc/liblib__libc__picolibc.a(libc-hooks.c.obj)
 .text.fnmatchx
                0x000000001000dfde      0x256 zephyr/lib/posix/liblib__posix.a(fnmatch.c.obj)
 .text.fnmatch  0x000000001000e234        0xa zephyr/lib/posix/liblib__posix.a(fnmatch.c.obj)
                0x000000001000e234                fnmatch
 .text.rtio_mpsc_pop
                0x000000001000e23e       0x4a zephyr/subsys/rtio/libsubsys__rtio.a(rtio_executor.c.obj)
 .text.rtio_executor_err
                0x000000001000e288        0xa zephyr/subsys/rtio/libsubsys__rtio.a(rtio_executor.c.obj)
                0x000000001000e288                rtio_executor_err
 .text.rtio_iodev_submit
                0x000000001000e292       0x1c zephyr/subsys/rtio/libsubsys__rtio.a(rtio_executor.c.obj)
 .text.rtio_executor_submit
                0x000000001000e2ae       0x84 zephyr/subsys/rtio/libsubsys__rtio.a(rtio_executor.c.obj)
                0x000000001000e2ae                rtio_executor_submit
 .text.rtio_executor_ok
                0x000000001000e332        0xa zephyr/subsys/rtio/libsubsys__rtio.a(rtio_executor.c.obj)
                0x000000001000e332                rtio_executor_ok
 .text.gpio_rpi_port_get_raw
                0x000000001000e33c        0xc zephyr/drivers/gpio/libdrivers__gpio.a(gpio_rpi_pico.c.obj)
 .text.gpio_rpi_port_set_bits_raw
                0x000000001000e348       0x2c zephyr/drivers/gpio/libdrivers__gpio.a(gpio_rpi_pico.c.obj)
 .text.gpio_rpi_port_clear_bits_raw
                0x000000001000e374       0x2c zephyr/drivers/gpio/libdrivers__gpio.a(gpio_rpi_pico.c.obj)
 .text.gpio_rpi_port_toggle_bits
                0x000000001000e3a0       0x18 zephyr/drivers/gpio/libdrivers__gpio.a(gpio_rpi_pico.c.obj)
 .text.gpio_rpi_manage_callback
                0x000000001000e3b8       0x58 zephyr/drivers/gpio/libdrivers__gpio.a(gpio_rpi_pico.c.obj)
 .text.gpio_rpi_bank_init
                0x000000001000e410        0xc zephyr/drivers/gpio/libdrivers__gpio.a(gpio_rpi_pico.c.obj)
 .text.gpio_rpi_pin_interrupt_configure
                0x000000001000e41c       0x62 zephyr/drivers/gpio/libdrivers__gpio.a(gpio_rpi_pico.c.obj)
 .text.bank_0_config_func
                0x000000001000e47e       0x14 zephyr/drivers/gpio/libdrivers__gpio.a(gpio_rpi_pico.c.obj)
 .text.gpio_rpi_port_set_masked_raw
                0x000000001000e492       0x3c zephyr/drivers/gpio/libdrivers__gpio.a(gpio_rpi_pico.c.obj)
 .text.gpio_rpi_configure
                0x000000001000e4ce       0x7c zephyr/drivers/gpio/libdrivers__gpio.a(gpio_rpi_pico.c.obj)
 .text.i2c_transfer
                0x000000001000e54a        0xa zephyr/drivers/i2c/libdrivers__i2c.a(i2c_shell.c.obj)
 .text.device_name_get
                0x000000001000e554       0x1c zephyr/drivers/i2c/libdrivers__i2c.a(i2c_shell.c.obj)
 .text.get_bytes_count_for_hex
                0x000000001000e570       0x2c zephyr/drivers/i2c/libdrivers__i2c.a(i2c_shell.c.obj)
 .text.cmd_i2c_read
                0x000000001000e59c       0x46 zephyr/drivers/i2c/libdrivers__i2c.a(i2c_shell.c.obj)
 .text.cmd_i2c_write_byte
                0x000000001000e5e2       0x18 zephyr/drivers/i2c/libdrivers__i2c.a(i2c_shell.c.obj)
 .text.cmd_i2c_write
                0x000000001000e5fa       0x1a zephyr/drivers/i2c/libdrivers__i2c.a(i2c_shell.c.obj)
 .text.i2c_config_0
                0x000000001000e614       0x14 zephyr/drivers/i2c/libdrivers__i2c.a(i2c_dw.c.obj)
 .text.i2c_dw_isr
                0x000000001000e628      0x200 zephyr/drivers/i2c/libdrivers__i2c.a(i2c_dw.c.obj)
 .text.pinctrl_lookup_state
                0x000000001000e828       0x26 zephyr/drivers/pinctrl/libdrivers__pinctrl.a(common.c.obj)
                0x000000001000e828                pinctrl_lookup_state
 .text.pinctrl_configure_pins
                0x000000001000e84e       0x84 zephyr/drivers/pinctrl/libdrivers__pinctrl.a(pinctrl_rpi_pico.c.obj)
                0x000000001000e84e                pinctrl_configure_pins
 .text.reset_rpi_init
                0x000000001000e8d2        0x4 zephyr/drivers/reset/libdrivers__reset.a(reset_rpi_pico.c.obj)
 .text.reset_rpi_read_register.isra.0
                0x000000001000e8d6       0x30 zephyr/drivers/reset/libdrivers__reset.a(reset_rpi_pico.c.obj)
 .text.reset_rpi_update
                0x000000001000e906       0x72 zephyr/drivers/reset/libdrivers__reset.a(reset_rpi_pico.c.obj)
 .text.reset_rpi_line_assert
                0x000000001000e978        0xa zephyr/drivers/reset/libdrivers__reset.a(reset_rpi_pico.c.obj)
 .text.reset_rpi_line_deassert
                0x000000001000e982        0xa zephyr/drivers/reset/libdrivers__reset.a(reset_rpi_pico.c.obj)
 .text.reset_rpi_line_toggle
                0x000000001000e98c       0x18 zephyr/drivers/reset/libdrivers__reset.a(reset_rpi_pico.c.obj)
 .text.reset_rpi_status
                0x000000001000e9a4       0x38 zephyr/drivers/reset/libdrivers__reset.a(reset_rpi_pico.c.obj)
 .text.parse_named_int
                0x000000001000e9dc       0x38 zephyr/drivers/sensor/libdrivers__sensor.a(sensor_shell.c.obj)
 .text.sensor_decoders_init
                0x000000001000ea14        0x4 zephyr/drivers/sensor/libdrivers__sensor.a(sensor_decoders_init.c.obj)
 .text.rtio_mpsc_pop
                0x000000001000ea18       0x4a zephyr/drivers/sensor/libdrivers__sensor.a(default_rtio_sensor.c.obj)
 .text.get_frame_count
                0x000000001000ea62       0x62 zephyr/drivers/sensor/libdrivers__sensor.a(default_rtio_sensor.c.obj)
 .text.sensor_natively_supported_channel_size_info
                0x000000001000eac4       0x56 zephyr/drivers/sensor/libdrivers__sensor.a(default_rtio_sensor.c.obj)
                0x000000001000eac4                sensor_natively_supported_channel_size_info
 .text.get_q31_value
                0x000000001000eb1a       0x50 zephyr/drivers/sensor/libdrivers__sensor.a(default_rtio_sensor.c.obj)
 .text.decode_three_axis
                0x000000001000eb6a       0x96 zephyr/drivers/sensor/libdrivers__sensor.a(default_rtio_sensor.c.obj)
 .text.decode   0x000000001000ec00      0x112 zephyr/drivers/sensor/libdrivers__sensor.a(default_rtio_sensor.c.obj)
 .text.sensor_processing_with_callback
                0x000000001000ed12       0x8c zephyr/drivers/sensor/libdrivers__sensor.a(default_rtio_sensor.c.obj)
                0x000000001000ed12                sensor_processing_with_callback
 .text.uart_rpi_poll_in
                0x000000001000ed9e       0x1e zephyr/drivers/serial/libdrivers__serial.a(uart_rpi_pico.c.obj)
 .text.uart_rpi_poll_out
                0x000000001000edbc       0x10 zephyr/drivers/serial/libdrivers__serial.a(uart_rpi_pico.c.obj)
 .text.uart_rpi_err_check
                0x000000001000edcc       0x24 zephyr/drivers/serial/libdrivers__serial.a(uart_rpi_pico.c.obj)
 .text.uart_rpi_fifo_fill
                0x000000001000edf0       0x20 zephyr/drivers/serial/libdrivers__serial.a(uart_rpi_pico.c.obj)
 .text.uart_rpi_fifo_read
                0x000000001000ee10       0x20 zephyr/drivers/serial/libdrivers__serial.a(uart_rpi_pico.c.obj)
 .text.uart_rpi_irq_tx_enable
                0x000000001000ee30       0x16 zephyr/drivers/serial/libdrivers__serial.a(uart_rpi_pico.c.obj)
 .text.uart_rpi_irq_tx_disable
                0x000000001000ee46        0xe zephyr/drivers/serial/libdrivers__serial.a(uart_rpi_pico.c.obj)
 .text.uart_rpi_irq_tx_ready
                0x000000001000ee54        0xc zephyr/drivers/serial/libdrivers__serial.a(uart_rpi_pico.c.obj)
 .text.uart_rpi_irq_rx_enable
                0x000000001000ee60       0x16 zephyr/drivers/serial/libdrivers__serial.a(uart_rpi_pico.c.obj)
 .text.uart_rpi_irq_rx_disable
                0x000000001000ee76        0xe zephyr/drivers/serial/libdrivers__serial.a(uart_rpi_pico.c.obj)
 .text.uart_rpi_irq_tx_complete
                0x000000001000ee84       0x16 zephyr/drivers/serial/libdrivers__serial.a(uart_rpi_pico.c.obj)
 .text.uart_rpi_irq_rx_ready
                0x000000001000ee9a        0xc zephyr/drivers/serial/libdrivers__serial.a(uart_rpi_pico.c.obj)
 .text.uart_rpi_irq_err_enable
                0x000000001000eea6       0x10 zephyr/drivers/serial/libdrivers__serial.a(uart_rpi_pico.c.obj)
 .text.uart_rpi_irq_is_pending
                0x000000001000eeb6       0x1c zephyr/drivers/serial/libdrivers__serial.a(uart_rpi_pico.c.obj)
 .text.uart_rpi_irq_update
                0x000000001000eed2        0x4 zephyr/drivers/serial/libdrivers__serial.a(uart_rpi_pico.c.obj)
 .text.uart_rpi_irq_callback_set
                0x000000001000eed6        0x8 zephyr/drivers/serial/libdrivers__serial.a(uart_rpi_pico.c.obj)
 .text.uart_rpi_isr
                0x000000001000eede       0x10 zephyr/drivers/serial/libdrivers__serial.a(uart_rpi_pico.c.obj)
 .text.uart0_rpi_irq_config_func
                0x000000001000eeee       0x14 zephyr/drivers/serial/libdrivers__serial.a(uart_rpi_pico.c.obj)
 .text.uart_rpi_config_get
                0x000000001000ef02       0x12 zephyr/drivers/serial/libdrivers__serial.a(uart_rpi_pico.c.obj)
 .text.uart_rpi_init
                0x000000001000ef14       0x8e zephyr/drivers/serial/libdrivers__serial.a(uart_rpi_pico.c.obj)
 .text.uart_rpi_configure
                0x000000001000efa2       0x32 zephyr/drivers/serial/libdrivers__serial.a(uart_rpi_pico.c.obj)
 .text.oemec_attr_get
                0x000000001000efd4        0x4 modules/atlas-driver-zephyr/drivers/sensor/oemec/lib..__atlas-driver-zephyr__drivers__sensor__oemec.a(oemec.c.obj)
 .text.oemec_attr_set
                0x000000001000efd8       0x12 modules/atlas-driver-zephyr/drivers/sensor/oemec/lib..__atlas-driver-zephyr__drivers__sensor__oemec.a(oemec.c.obj)
 .text.gpio_init
                0x000000001000efea       0x16 modules/hal_rpi_pico/libmodules__hal_rpi_pico.a(gpio.c.obj)
                0x000000001000efea                gpio_init
 .text.z_device_state_init
                0x000000001000f000        0x2 zephyr/kernel/libkernel.a(device.c.obj)
                0x000000001000f000                z_device_state_init
 .text.z_device_is_ready
                0x000000001000f002       0x1a zephyr/kernel/libkernel.a(device.c.obj)
                0x000000001000f002                z_device_is_ready
 .text.arch_system_halt
                0x000000001000f01c        0x8 zephyr/kernel/libkernel.a(fatal.c.obj)
                0x000000001000f01c                arch_system_halt
 .text.z_early_memset
                0x000000001000f024        0x8 zephyr/kernel/libkernel.a(init.c.obj)
                0x000000001000f024                z_early_memset
 .text.z_early_memcpy
                0x000000001000f02c        0x8 zephyr/kernel/libkernel.a(init.c.obj)
                0x000000001000f02c                z_early_memcpy
 .text.k_is_in_isr
                0x000000001000f034        0xc zephyr/kernel/libkernel.a(thread.c.obj)
                0x000000001000f034                k_is_in_isr
 .text.k_thread_name_get